Loading PRAXIS framework...
  ✓ Core/StringCache.ps1
  ✓ Core/VT100.ps1
  ✓ Core/ServiceContainer.ps1
  ✓ Core/StringBuilderPool.ps1
  ✓ Core/DocumentBuffer.ps1
  ✓ Core/EditorCommands.ps1
  ✓ Services/Logger.ps1
  ✓ Services/EventBus.ps1
  ✓ Services/ThemeManager.ps1
  ✓ Base/UIElement.ps1
  ✓ Base/Container.ps1
  ✓ Base/Screen.ps1
  ✓ Base/BaseModel.ps1
  ✓ Services/ShortcutManager.ps1
  ✓ Models/Project.ps1
  ✓ Models/Task.ps1
  ✓ Models/Subtask.ps1
  ✓ Models/TimeEntry.ps1
  ✓ Models/TimeCode.ps1
  ✓ Models/Command.ps1
  ✓ Models/BaseAction.ps1
  ✓ Actions/CustomIdeaCommandAction.ps1
  ✓ Actions/SummarizationAction.ps1
  ✓ Actions/AppendFieldAction.ps1
  ✓ Actions/ExportToExcelAction.ps1
  ✓ Services/ProjectService.ps1
  ✓ Services/TaskService.ps1
  ✓ Services/SubtaskService.ps1
  ✓ Services/TimeTrackingService.ps1
  ✓ Services/CommandService.ps1
  ✓ Services/ConfigurationService.ps1
  ✓ Services/StateManager.ps1
  ✓ Services/FunctionRegistry.ps1
  ✓ Services/MacroContextManager.ps1
  ✓ Components/ListBox.ps1
  ✓ Components/TextBox.ps1
  ✓ Components/Button.ps1
  ✓ Components/DataGrid.ps1
  ✓ Components/TreeView.ps1
  ✓ Components/ProgressBar.ps1
  ✓ Components/FastFileTree.ps1
  ✓ Components/RangerFileTree.ps1
  ✓ Components/SearchableListBox.ps1
  ✓ Components/MultiSelectListBox.ps1
  ✓ Components/TabContainer.ps1
  ✓ Components/HorizontalSplit.ps1
  ✓ Components/VerticalSplit.ps1
  ✓ Components/GridPanel.ps1
  ✓ Components/DockPanel.ps1
  ✓ Core/ScreenManager.ps1
  ✓ Base/BaseDialog.ps1
  ✓ Screens/TextInputDialog.ps1
  ✓ Screens/NumberInputDialog.ps1
  ✓ Screens/ConfirmationDialog.ps1
  ✓ Screens/NewProjectDialog.ps1
  ✓ Screens/EditProjectDialog.ps1
  ✓ Screens/NewTaskDialog.ps1
  ✓ Screens/EditTaskDialog.ps1
  ✓ Screens/SubtaskDialog.ps1
  ✓ Screens/TimeEntryDialog.ps1
  ✓ Screens/QuickTimeEntryDialog.ps1
  ✓ Screens/CommandEditDialog.ps1
  ✓ Screens/EventBusMonitor.ps1
  ✓ Screens/TestScreen.ps1
  ✓ Screens/ProjectDetailScreen.ps1
  ✓ Screens/ProjectsScreen.ps1
  ✓ Screens/TaskScreen.ps1
  ✓ Screens/DashboardScreen.ps1
  ✓ Screens/SettingsScreen.ps1
  ✓ Screens/FileBrowserScreen.ps1
  ✓ Screens/TextEditorScreenNew.ps1
  ✓ Screens/TimeEntryScreen.ps1
  ✓ Screens/CommandLibraryScreen.ps1
  ✓ Screens/VisualMacroFactoryScreen.ps1
  ✓ Components/CommandPalette.ps1
  ✓ Screens/MainScreen.ps1
Initializing services...
  Logger created at: /home/teej/projects/github/praxis/_Logs/praxis.log
  EventBus initialized
Creating main interface...
  Creating MainScreen...
  Pushing to ScreenManager...
