2025-07-29 00:36:33.667 [INFO   ] ThemeManager: Registered themes: default, matrix, amber, amber-black, matrix-rain
2025-07-29 00:36:33.807 [INFO   ] ThemeManager.SetTheme: Attempting to set theme to 'default'
2025-07-29 00:36:33.857 [INFO   ] ThemeManager: Theme changed from 'default' to 'default'
2025-07-29 00:36:33.977 [INFO   ] EventBus initialized
2025-07-29 00:36:34.419 [INFO   ] Start.ps1: Registered themes: amber, amber-black, default, matrix, matrix-rain, synthwave-84, synthwave-outrun
2025-07-29 00:36:34.918 [INFO   ] Configuration loaded from: /home/teej/projects/github/praxis/_Config/settings.json
2025-07-29 00:36:37.475 [INFO   ] Loaded 6 commands from /home/teej/projects/github/praxis/_ProjectData/commands.json
2025-07-29 00:36:37.582 [INFO   ] ThemeManager.SetTheme: Attempting to set theme to 'amber'
2025-07-29 00:36:37.606 [INFO   ] ThemeManager: Theme changed from 'default' to 'amber'
2025-07-29 00:36:38.093 [INFO   ] StateManager: State loaded successfully from /home/teej/projects/github/praxis/_State/application.json
2025-07-29 00:36:38.163 [INFO   ] StateManager initialized: Path=/home/teej/projects/github/praxis/_State/application.json, AutoSave=True
2025-07-29 00:36:38.372 [INFO   ] ScreenManager.Push: Pushing screen MainScreen
2025-07-29 00:36:39.278 [INFO   ] TabContainer.ActivateTab: START switching to tab 0
2025-07-29 00:36:39.279 [INFO   ] TabContainer.ActivateTab: About to deactivate current tab
2025-07-29 00:36:39.279 [INFO   ] TabContainer.ActivateTab: About to activate new tab 0
2025-07-29 00:36:39.293 [INFO   ] TabContainer.ActivateTab: New tab has content, checking initialization
2025-07-29 00:36:39.297 [INFO   ] TabContainer.ActivateTab: Initializing new tab content
2025-07-29 00:36:40.014 [INFO   ] TabContainer.ActivateTab: New tab content initialized
2025-07-29 00:36:40.014 [INFO   ] TabContainer.ActivateTab: Positioning new content
2025-07-29 00:36:40.489 [INFO   ] TabContainer.ActivateTab: Adding new child
2025-07-29 00:36:40.536 [INFO   ] TabContainer.ActivateTab: New child added
2025-07-29 00:36:40.537 [INFO   ] TabContainer.ActivateTab: Setting up screen properties
2025-07-29 00:36:40.545 [INFO   ] TabContainer.ActivateTab: About to call OnActivated()
2025-07-29 00:36:40.633 [INFO   ] TabContainer.ActivateTab: OnActivated() completed
2025-07-29 00:36:40.633 [INFO   ] TabContainer.ActivateTab: Invalidating new content
2025-07-29 00:36:40.635 [INFO   ] TabContainer.ActivateTab: New content invalidated
2025-07-29 00:36:40.636 [INFO   ] TabContainer.ActivateTab: COMPLETED switching to tab 0
2025-07-29 00:36:40.644 [INFO   ] TabContainer.ActivateTab: COMPLETED switching to tab 0
2025-07-29 00:36:41.016 [WARNING] FileBrowserScreen.OnBoundsChanged: Invalid bounds - FileTree=False, Width=76, Height=18
2025-07-29 00:36:42.728 [INFO   ] ScreenManager.Push: Successfully pushed MainScreen, Active=True
2025-07-29 00:36:42.737 [INFO   ] Starting PRAXIS main loop
2025-07-29 00:36:42.771 [INFO   ] ScreenManager.Run: Starting main loop
2025-07-29 00:36:42.774 [INFO   ] Active screen: MainScreen
2025-07-29 00:36:42.774 [INFO   ] Active screen.Active: True
2025-07-29 00:36:43.694 [ERROR  ] Error in input handling - InvalidOperationException: Cannot see if a key has been pressed when either application does not have a console or when console input has been redirected from a file. Try Console.In.Peek.
2025-07-29 00:36:43.763 [ERROR  ] Error in input handling - InvalidOperationException: Cannot see if a key has been pressed when either application does not have a console or when console input has been redirected from a file. Try Console.In.Peek.
2025-07-29 00:36:43.831 [ERROR  ] Error in input handling - InvalidOperationException: Cannot see if a key has been pressed when either application does not have a console or when console input has been redirected from a file. Try Console.In.Peek.
2025-07-29 00:36:43.885 [ERROR  ] Error in input handling - InvalidOperationException: Cannot see if a key has been pressed when either application does not have a console or when console input has been redirected from a file. Try Console.In.Peek.
2025-07-29 00:36:43.939 [ERROR  ] Error in input handling - InvalidOperationException: Cannot see if a key has been pressed when either application does not have a console or when console input has been redirected from a file. Try Console.In.Peek.
2025-07-29 00:36:43.994 [ERROR  ] Error in input handling - InvalidOperationException: Cannot see if a key has been pressed when either application does not have a console or when console input has been redirected from a file. Try Console.In.Peek.
2025-07-29 00:36:44.050 [ERROR  ] Error in input handling - InvalidOperationException: Cannot see if a key has been pressed when either application does not have a console or when console input has been redirected from a file. Try Console.In.Peek.
2025-07-29 00:36:44.109 [ERROR  ] Error in input handling - InvalidOperationException: Cannot see if a key has been pressed when either application does not have a console or when console input has been redirected from a file. Try Console.In.Peek.
2025-07-29 00:36:44.168 [ERROR  ] Error in input handling - InvalidOperationException: Cannot see if a key has been pressed when either application does not have a console or when console input has been redirected from a file. Try Console.In.Peek.
2025-07-29 00:36:44.229 [ERROR  ] Error in input handling - InvalidOperationException: Cannot see if a key has been pressed when either application does not have a console or when console input has been redirected from a file. Try Console.In.Peek.
2025-07-29 00:36:44.289 [ERROR  ] Error in input handling - InvalidOperationException: Cannot see if a key has been pressed when either application does not have a console or when console input has been redirected from a file. Try Console.In.Peek.
2025-07-29 00:36:44.349 [ERROR  ] Error in input handling - InvalidOperationException: Cannot see if a key has been pressed when either application does not have a console or when console input has been redirected from a file. Try Console.In.Peek.
2025-07-29 00:36:44.406 [ERROR  ] Error in input handling - InvalidOperationException: Cannot see if a key has been pressed when either application does not have a console or when console input has been redirected from a file. Try Console.In.Peek.
2025-07-29 00:36:44.462 [ERROR  ] Error in input handling - InvalidOperationException: Cannot see if a key has been pressed when either application does not have a console or when console input has been redirected from a file. Try Console.In.Peek.
2025-07-29 00:36:44.518 [ERROR  ] Error in input handling - InvalidOperationException: Cannot see if a key has been pressed when either application does not have a console or when console input has been redirected from a file. Try Console.In.Peek.
2025-07-29 00:36:44.576 [ERROR  ] Error in input handling - InvalidOperationException: Cannot see if a key has been pressed when either application does not have a console or when console input has been redirected from a file. Try Console.In.Peek.
2025-07-29 00:36:44.634 [ERROR  ] Error in input handling - InvalidOperationException: Cannot see if a key has been pressed when either application does not have a console or when console input has been redirected from a file. Try Console.In.Peek.
2025-07-29 00:36:44.694 [ERROR  ] Error in input handling - InvalidOperationException: Cannot see if a key has been pressed when either application does not have a console or when console input has been redirected from a file. Try Console.In.Peek.
2025-07-29 00:36:44.752 [ERROR  ] Error in input handling - InvalidOperationException: Cannot see if a key has been pressed when either application does not have a console or when console input has been redirected from a file. Try Console.In.Peek.
2025-07-29 00:36:44.806 [ERROR  ] Error in input handling - InvalidOperationException: Cannot see if a key has been pressed when either application does not have a console or when console input has been redirected from a file. Try Console.In.Peek.
2025-07-29 00:36:44.861 [ERROR  ] Error in input handling - InvalidOperationException: Cannot see if a key has been pressed when either application does not have a console or when console input has been redirected from a file. Try Console.In.Peek.
2025-07-29 00:36:44.920 [ERROR  ] Error in input handling - InvalidOperationException: Cannot see if a key has been pressed when either application does not have a console or when console input has been redirected from a file. Try Console.In.Peek.
2025-07-29 00:36:44.978 [ERROR  ] Error in input handling - InvalidOperationException: Cannot see if a key has been pressed when either application does not have a console or when console input has been redirected from a file. Try Console.In.Peek.
2025-07-29 00:36:45.033 [ERROR  ] Error in input handling - InvalidOperationException: Cannot see if a key has been pressed when either application does not have a console or when console input has been redirected from a file. Try Console.In.Peek.
2025-07-29 00:36:45.099 [ERROR  ] Error in input handling - InvalidOperationException: Cannot see if a key has been pressed when either application does not have a console or when console input has been redirected from a file. Try Console.In.Peek.
2025-07-29 00:36:45.159 [ERROR  ] Error in input handling - InvalidOperationException: Cannot see if a key has been pressed when either application does not have a console or when console input has been redirected from a file. Try Console.In.Peek.
2025-07-29 00:36:45.213 [ERROR  ] Error in input handling - InvalidOperationException: Cannot see if a key has been pressed when either application does not have a console or when console input has been redirected from a file. Try Console.In.Peek.
2025-07-29 00:36:45.275 [ERROR  ] Error in input handling - InvalidOperationException: Cannot see if a key has been pressed when either application does not have a console or when console input has been redirected from a file. Try Console.In.Peek.
2025-07-29 00:36:45.334 [ERROR  ] Error in input handling - InvalidOperationException: Cannot see if a key has been pressed when either application does not have a console or when console input has been redirected from a file. Try Console.In.Peek.
2025-07-29 00:36:45.395 [ERROR  ] Error in input handling - InvalidOperationException: Cannot see if a key has been pressed when either application does not have a console or when console input has been redirected from a file. Try Console.In.Peek.
2025-07-29 00:36:45.471 [ERROR  ] Error in input handling - InvalidOperationException: Cannot see if a key has been pressed when either application does not have a console or when console input has been redirected from a file. Try Console.In.Peek.
2025-07-29 00:36:45.543 [ERROR  ] Error in input handling - InvalidOperationException: Cannot see if a key has been pressed when either application does not have a console or when console input has been redirected from a file. Try Console.In.Peek.
2025-07-29 00:36:45.611 [ERROR  ] Error in input handling - InvalidOperationException: Cannot see if a key has been pressed when either application does not have a console or when console input has been redirected from a file. Try Console.In.Peek.
2025-07-29 00:36:45.666 [ERROR  ] Error in input handling - InvalidOperationException: Cannot see if a key has been pressed when either application does not have a console or when console input has been redirected from a file. Try Console.In.Peek.
2025-07-29 00:36:53.939 [INFO   ] ThemeManager: Registered themes: default, matrix, amber, amber-black, matrix-rain
2025-07-29 00:36:54.005 [INFO   ] ThemeManager.SetTheme: Attempting to set theme to 'default'
2025-07-29 00:36:54.012 [DEBUG  ]   Available themes: matrix-rain, matrix, amber-black, default, amber
2025-07-29 00:36:54.028 [INFO   ] ThemeManager: Theme changed from 'default' to 'default'
2025-07-29 00:36:54.103 [INFO   ] EventBus initialized
2025-07-29 00:36:54.368 [DEBUG  ] Registered shortcut: global.quit - Ctrl+Q
2025-07-29 00:36:54.418 [DEBUG  ] Registered shortcut: global.command_palette_alt - /
2025-07-29 00:36:54.437 [DEBUG  ] Registered shortcut: global_help - F1
2025-07-29 00:36:54.575 [INFO   ] Start.ps1: Registered themes: amber, amber-black, default, matrix, matrix-rain, synthwave-84, synthwave-outrun
2025-07-29 00:36:54.648 [DEBUG  ] EventBus: Subscribed handler 'handler_1' to event 'app.configChanged'
2025-07-29 00:36:55.166 [INFO   ] Configuration loaded from: /home/teej/projects/github/praxis/_Config/settings.json
2025-07-29 00:36:55.370 [DEBUG  ] EventBus: Subscribed handler 'handler_2' to event 'app.configChanged'
2025-07-29 00:36:55.445 [DEBUG  ] EventBus: Subscribed handler 'handler_3' to event 'project.created'
2025-07-29 00:36:55.446 [DEBUG  ] EventBus: Subscribed handler 'handler_4' to event 'task.completed'
2025-07-29 00:36:55.447 [DEBUG  ] EventBus: Subscribed handler 'handler_5' to event 'error'
2025-07-29 00:36:58.309 [INFO   ] Loaded 6 commands from /home/teej/projects/github/praxis/_ProjectData/commands.json
2025-07-29 00:36:58.471 [INFO   ] ThemeManager.SetTheme: Attempting to set theme to 'amber'
2025-07-29 00:36:58.471 [DEBUG  ]   Available themes: synthwave-outrun, amber, matrix-rain, default, matrix, synthwave-84, amber-black
2025-07-29 00:36:58.480 [INFO   ] ThemeManager: Theme changed from 'default' to 'amber'
2025-07-29 00:36:59.019 [DEBUG  ] StateManager: Fast index rebuilt with 5029 entries
2025-07-29 00:36:59.023 [INFO   ] StateManager: State loaded successfully from /home/teej/projects/github/praxis/_State/application.json
2025-07-29 00:36:59.032 [INFO   ] StateManager initialized: Path=/home/teej/projects/github/praxis/_State/application.json, AutoSave=True
2025-07-29 00:36:59.101 [DEBUG  ] ScreenManager: ShortcutManager loaded successfully
2025-07-29 00:36:59.105 [DEBUG  ] ScreenManager: FocusManager loaded successfully
2025-07-29 00:36:59.215 [INFO   ] ScreenManager.Push: Pushing screen MainScreen
2025-07-29 00:36:59.274 [DEBUG  ] MainScreen.OnInitialize: Starting simplified initialization
2025-07-29 00:36:59.453 [DEBUG  ] MainScreen.OnInitialize: Completed simplified initialization
2025-07-29 00:36:59.904 [DEBUG  ] MainScreen.OnBoundsChanged: Bounds=(0,0,90,24)
2025-07-29 00:36:59.918 [DEBUG  ] MainScreen: TabContainer bounds before: (0,0,0,0)
2025-07-29 00:36:59.988 [DEBUG  ] MainScreen: TabContainer bounds after: (0,0,90,23)
2025-07-29 00:36:59.994 [DEBUG  ] ScreenManager.Push: Set screen bounds to (0,0,90,24)
2025-07-29 00:37:00.038 [DEBUG  ] MainScreen.OnActivated: Starting deferred initialization
2025-07-29 00:37:00.052 [DEBUG  ] EventBus: Subscribed handler 'handler_6' to event 'navigation.tabChanged'
2025-07-29 00:37:00.193 [INFO   ] TabContainer.ActivateTab: START switching to tab 0
2025-07-29 00:37:00.194 [INFO   ] TabContainer.ActivateTab: About to deactivate current tab
2025-07-29 00:37:00.194 [INFO   ] TabContainer.ActivateTab: About to activate new tab 0
2025-07-29 00:37:00.205 [INFO   ] TabContainer.ActivateTab: New tab has content, checking initialization
2025-07-29 00:37:00.208 [INFO   ] TabContainer.ActivateTab: Initializing new tab content
2025-07-29 00:37:00.323 [DEBUG  ] EventBus: Subscribed handler 'handler_7' to event 'project.created'
2025-07-29 00:37:00.327 [DEBUG  ] EventBus: Subscribed handler 'handler_8' to event 'command.executed'
2025-07-29 00:37:00.328 [DEBUG  ] EventBus: Subscribed handler 'handler_9' to event 'project.updated'
2025-07-29 00:37:00.329 [DEBUG  ] EventBus: Subscribed handler 'handler_10' to event 'project.deleted'
2025-07-29 00:37:00.775 [DEBUG  ] EventBus: Subscribed handler 'handler_11' to event 'theme.changed'
2025-07-29 00:37:00.956 [DEBUG  ] Registered shortcut: projects.new - n
2025-07-29 00:37:00.963 [DEBUG  ] Registered shortcut: projects.edit - e
2025-07-29 00:37:00.969 [DEBUG  ] Registered shortcut: projects.delete - d
2025-07-29 00:37:00.976 [DEBUG  ] Registered shortcut: projects.refresh - F5
2025-07-29 00:37:00.978 [DEBUG  ] ProjectsScreen.RegisterShortcuts: Registered shortcuts for 'n', 'e', 'd', etc.
2025-07-29 00:37:01.009 [INFO   ] TabContainer.ActivateTab: New tab content initialized
2025-07-29 00:37:01.009 [INFO   ] TabContainer.ActivateTab: Positioning new content
2025-07-29 00:37:01.127 [DEBUG  ] ProjectsScreen.OnBoundsChanged: Bounds=(2,3,86,18)
2025-07-29 00:37:01.454 [INFO   ] TabContainer.ActivateTab: Adding new child
2025-07-29 00:37:01.512 [INFO   ] TabContainer.ActivateTab: New child added
2025-07-29 00:37:01.512 [INFO   ] TabContainer.ActivateTab: Setting up screen properties
2025-07-29 00:37:01.528 [INFO   ] TabContainer.ActivateTab: About to call OnActivated()
2025-07-29 00:37:01.542 [DEBUG  ] ProjectsScreen.OnActivated: Screen activated with new focus system
2025-07-29 00:37:01.558 [DEBUG  ] ProjectsScreen focus check: ProjectGrid=True, Items=17
2025-07-29 00:37:01.618 [INFO   ] TabContainer.ActivateTab: OnActivated() completed
2025-07-29 00:37:01.618 [INFO   ] TabContainer.ActivateTab: Invalidating new content
2025-07-29 00:37:01.621 [INFO   ] TabContainer.ActivateTab: New content invalidated
2025-07-29 00:37:01.621 [INFO   ] TabContainer.ActivateTab: COMPLETED switching to tab 0
2025-07-29 00:37:01.631 [INFO   ] TabContainer.ActivateTab: COMPLETED switching to tab 0
2025-07-29 00:37:02.093 [WARNING] FileBrowserScreen.OnBoundsChanged: Invalid bounds - FileTree=False, Width=86, Height=18
2025-07-29 00:37:02.903 [DEBUG  ] VisualMacroFactoryScreen.OnBoundsChanged: Width=86 Height=18
2025-07-29 00:37:02.910 [DEBUG  ] VisualMacroFactoryScreen.OnBoundsChanged: ISLAND LAYOUT - leftWidth=25 centerWidth=33 rightWidth=24 gap=2
2025-07-29 00:37:03.297 [DEBUG  ] EventBus: Subscribed handler 'handler_12' to event 'theme.changed'
2025-07-29 00:37:03.701 [DEBUG  ] EventBus: Subscribed handler 'handler_13' to event 'command.registered'
2025-07-29 00:37:03.920 [DEBUG  ] EventBus: Subscribed handler 'handler_14' to event 'time.changed'
2025-07-29 00:37:04.077 [DEBUG  ] MainScreen.OnActivated: Completed deferred initialization
2025-07-29 00:37:04.086 [INFO   ] ScreenManager.Push: Successfully pushed MainScreen, Active=True
2025-07-29 00:37:04.093 [INFO   ] Starting PRAXIS main loop
2025-07-29 00:37:04.130 [INFO   ] ScreenManager.Run: Starting main loop
2025-07-29 00:37:04.133 [INFO   ] Active screen: MainScreen
2025-07-29 00:37:04.133 [INFO   ] Active screen.Active: True
2025-07-29 00:37:04.172 [DEBUG  ] MainScreen.OnBoundsChanged: Bounds=(0,0,90,23)
2025-07-29 00:37:04.173 [DEBUG  ] MainScreen: TabContainer bounds before: (0,0,90,23)
2025-07-29 00:37:04.180 [DEBUG  ] ProjectsScreen.OnBoundsChanged: Bounds=(2,3,86,17)
2025-07-29 00:37:04.221 [DEBUG  ] MainScreen: TabContainer bounds after: (0,0,90,22)
2025-07-29 00:37:07.203 [INFO   ] ShortcutManager.HandleKeyPress: START processing key '3'
2025-07-29 00:37:07.213 [DEBUG  ] ShortcutManager.HandleKeyPress: Key=D3 Char='3' Screen=ProjectsScreen Context=
2025-07-29 00:37:07.216 [DEBUG  ] ShortcutManager: Total shortcuts registered: 7
2025-07-29 00:37:07.216 [INFO   ] ShortcutManager: About to find matching shortcuts for key '3'
2025-07-29 00:37:07.247 [INFO   ] ShortcutManager: Found 0 candidates for key '3'
2025-07-29 00:37:07.251 [INFO   ] ShortcutManager.HandleKeyPress: COMPLETED processing key '3', returning false
2025-07-29 00:37:07.269 [INFO   ] Screen.HandleInput: START processing key '3'
2025-07-29 00:37:07.277 [INFO   ] Screen.HandleInput: About to call Container.HandleInput for key '3'
2025-07-29 00:37:07.365 [INFO   ] Screen.HandleInput: Container.HandleInput returned False for key '3'
2025-07-29 00:37:07.370 [DEBUG  ] Screen base handled: False
2025-07-29 00:37:07.387 [INFO   ] MainScreen.HandleScreenInput: START processing key '3'
2025-07-29 00:37:07.429 [INFO   ] TabContainer.ActivateTab: START switching to tab 2
2025-07-29 00:37:07.429 [INFO   ] TabContainer.ActivateTab: About to deactivate current tab
2025-07-29 00:37:07.429 [INFO   ] TabContainer.ActivateTab: Deactivating current tab 0
2025-07-29 00:37:07.430 [INFO   ] TabContainer.ActivateTab: Removing old child content
2025-07-29 00:37:07.466 [INFO   ] TabContainer.ActivateTab: Old child content removed
2025-07-29 00:37:07.466 [INFO   ] TabContainer.ActivateTab: About to activate new tab 2
2025-07-29 00:37:07.470 [INFO   ] TabContainer.ActivateTab: New tab has content, checking initialization
2025-07-29 00:37:07.471 [INFO   ] TabContainer.ActivateTab: Initializing new tab content
2025-07-29 00:37:07.561 [DEBUG  ] EventBus: Subscribed handler 'handler_15' to event 'timeentry.updated'
2025-07-29 00:37:07.651 [DEBUG  ] EventBus: Subscribed handler 'handler_16' to event 'theme.changed'
2025-07-29 00:37:07.905 [DEBUG  ] Registered shortcut: time.quick - q
2025-07-29 00:37:07.920 [DEBUG  ] Registered shortcut: time.edit - e
2025-07-29 00:37:07.928 [DEBUG  ] Registered shortcut: time.prevweek - LeftArrow
2025-07-29 00:37:07.935 [DEBUG  ] Registered shortcut: time.nextweek - RightArrow
2025-07-29 00:37:07.942 [DEBUG  ] Registered shortcut: time.currentweek - c
2025-07-29 00:37:07.951 [DEBUG  ] Registered shortcut: time.new - n
2025-07-29 00:37:07.959 [DEBUG  ] Registered shortcut: time.delete - d
2025-07-29 00:37:08.006 [INFO   ] TabContainer.ActivateTab: New tab content initialized
2025-07-29 00:37:08.006 [INFO   ] TabContainer.ActivateTab: Positioning new content
2025-07-29 00:37:08.131 [INFO   ] TabContainer.ActivateTab: Adding new child
2025-07-29 00:37:08.156 [INFO   ] TabContainer.ActivateTab: New child added
2025-07-29 00:37:08.157 [INFO   ] TabContainer.ActivateTab: Setting up screen properties
2025-07-29 00:37:08.173 [INFO   ] TabContainer.ActivateTab: About to call OnActivated()
2025-07-29 00:37:08.318 [INFO   ] TabContainer.ActivateTab: OnActivated() completed
2025-07-29 00:37:08.319 [INFO   ] TabContainer.ActivateTab: Invalidating new content
2025-07-29 00:37:08.326 [INFO   ] TabContainer.ActivateTab: New content invalidated
2025-07-29 00:37:08.326 [INFO   ] TabContainer.ActivateTab: Deactivating old content
2025-07-29 00:37:08.339 [INFO   ] TabContainer.ActivateTab: Old content deactivated
2025-07-29 00:37:08.339 [INFO   ] TabContainer.ActivateTab: COMPLETED switching to tab 2
2025-07-29 00:37:08.339 [INFO   ] TabContainer.ActivateTab: COMPLETED switching to tab 2
2025-07-29 00:37:08.340 [INFO   ] MainScreen.HandleScreenInput: TabContainer handled key '3'
2025-07-29 00:37:08.340 [DEBUG  ] Screen shortcuts handled: True
2025-07-29 00:37:11.248 [DEBUG  ] ShortcutManager.HandleKeyPress: Key=N Char='n' Screen=TimeEntryScreen Context=
2025-07-29 00:37:11.248 [DEBUG  ] ShortcutManager: Total shortcuts registered: 14
2025-07-29 00:37:11.256 [DEBUG  ] ShortcutManager: Found 2 matching shortcuts
2025-07-29 00:37:11.277 [DEBUG  ] Checking shortcut: projects.new Scope=Screen ScreenType=ProjectsScreen
2025-07-29 00:37:11.286 [DEBUG  ] Checking shortcut: time.new Scope=Screen ScreenType=TimeEntryScreen
2025-07-29 00:37:11.286 [DEBUG  ] Screen shortcut matches: time.new
2025-07-29 00:37:11.289 [DEBUG  ] Executing shortcut: time.new
2025-07-29 00:37:11.387 [INFO   ] ScreenManager.Push: Pushing screen TimeEntryOptionsDialog
2025-07-29 00:37:11.691 [DEBUG  ] EventBus: Subscribed handler 'handler_17' to event 'theme.changed'
2025-07-29 00:37:11.722 [DEBUG  ] EventBus: Subscribed handler 'handler_18' to event 'theme.changed'
2025-07-29 00:37:11.733 [DEBUG  ] EventBus: Subscribed handler 'handler_19' to event 'theme.changed'
2025-07-29 00:37:11.734 [DEBUG  ] EventBus: Subscribed handler 'handler_20' to event 'theme.changed'
2025-07-29 00:37:11.925 [DEBUG  ] EventBus: Subscribed handler 'handler_21' to event 'theme.changed'
2025-07-29 00:37:11.961 [DEBUG  ] EventBus: Subscribed handler 'handler_22' to event 'theme.changed'
2025-07-29 00:37:12.208 [DEBUG  ] ScreenManager.Push: Set screen bounds to (0,0,90,24)
2025-07-29 00:37:12.315 [DEBUG  ] BaseDialog: FocusManager reports focused: MinimalListBox
2025-07-29 00:37:12.321 [INFO   ] ScreenManager.Push: Successfully pushed TimeEntryOptionsDialog, Active=True
2025-07-29 00:37:12.321 [DEBUG  ] ShortcutManager handled: True
2025-07-29 00:37:15.996 [DEBUG  ] ShortcutManager.HandleKeyPress: Key=DownArrow Char=' ' Screen=TimeEntryOptionsDialog Context=
2025-07-29 00:37:15.997 [DEBUG  ] ShortcutManager: Total shortcuts registered: 14
2025-07-29 00:37:16.099 [DEBUG  ] Screen base handled: True
2025-07-29 00:37:17.546 [DEBUG  ] ShortcutManager.HandleKeyPress: Key=Enter Char='' Screen=TimeEntryOptionsDialog Context=
2025-07-29 00:37:17.546 [DEBUG  ] ShortcutManager: Total shortcuts registered: 14
2025-07-29 00:37:17.565 [DEBUG  ] Screen base handled: True
2025-07-29 00:37:21.997 [DEBUG  ] ShortcutManager.HandleKeyPress: Key=Tab Char='	' Screen=TimeEntryOptionsDialog Context=
2025-07-29 00:37:21.997 [DEBUG  ] ShortcutManager: Total shortcuts registered: 14
2025-07-29 00:37:22.166 [DEBUG  ] Screen base handled: True
2025-07-29 00:37:23.026 [DEBUG  ] ShortcutManager.HandleKeyPress: Key=Enter Char='' Screen=TimeEntryOptionsDialog Context=
2025-07-29 00:37:23.026 [DEBUG  ] ShortcutManager: Total shortcuts registered: 14
2025-07-29 00:37:23.199 [INFO   ] ScreenManager.Push: Pushing screen ManualTimeEntryDialog
2025-07-29 00:37:23.278 [DEBUG  ] EventBus: Subscribed handler 'handler_23' to event 'theme.changed'
2025-07-29 00:37:23.278 [DEBUG  ] EventBus: Subscribed handler 'handler_24' to event 'theme.changed'
2025-07-29 00:37:23.287 [DEBUG  ] EventBus: Subscribed handler 'handler_25' to event 'theme.changed'
2025-07-29 00:37:23.288 [DEBUG  ] EventBus: Subscribed handler 'handler_26' to event 'theme.changed'
2025-07-29 00:37:23.421 [DEBUG  ] EventBus: Subscribed handler 'handler_27' to event 'theme.changed'
2025-07-29 00:37:23.445 [DEBUG  ] EventBus: Subscribed handler 'handler_28' to event 'theme.changed'
2025-07-29 00:37:23.486 [DEBUG  ] EventBus: Subscribed handler 'handler_29' to event 'theme.changed'
2025-07-29 00:37:23.486 [DEBUG  ] EventBus: Subscribed handler 'handler_30' to event 'theme.changed'
2025-07-29 00:37:23.502 [DEBUG  ] EventBus: Subscribed handler 'handler_31' to event 'theme.changed'
2025-07-29 00:37:23.503 [DEBUG  ] EventBus: Subscribed handler 'handler_32' to event 'theme.changed'
2025-07-29 00:37:23.520 [DEBUG  ] EventBus: Subscribed handler 'handler_33' to event 'theme.changed'
2025-07-29 00:37:23.523 [DEBUG  ] EventBus: Subscribed handler 'handler_34' to event 'theme.changed'
2025-07-29 00:37:23.537 [DEBUG  ] EventBus: Subscribed handler 'handler_35' to event 'theme.changed'
2025-07-29 00:37:23.539 [DEBUG  ] EventBus: Subscribed handler 'handler_36' to event 'theme.changed'
2025-07-29 00:37:23.803 [DEBUG  ] ScreenManager.Push: Set screen bounds to (0,0,90,24)
2025-07-29 00:37:23.893 [DEBUG  ] BaseDialog: FocusManager reports focused: MinimalTextBox
2025-07-29 00:37:23.898 [INFO   ] ScreenManager.Push: Successfully pushed ManualTimeEntryDialog, Active=True
2025-07-29 00:37:23.919 [DEBUG  ] ScreenManager.Pop: Stack count before pop = 3
2025-07-29 00:37:23.933 [DEBUG  ] ScreenManager.Pop: Activating previous screen: TimeEntryOptionsDialog
2025-07-29 00:37:23.947 [DEBUG  ] BaseDialog: FocusManager reports focused: MinimalListBox
2025-07-29 00:37:23.951 [DEBUG  ] Screen base handled: True
2025-07-29 00:37:25.305 [DEBUG  ] ShortcutManager.HandleKeyPress: Key=Enter Char='' Screen=TimeEntryOptionsDialog Context=
2025-07-29 00:37:25.305 [DEBUG  ] ShortcutManager: Total shortcuts registered: 14
2025-07-29 00:37:25.322 [DEBUG  ] Screen base handled: True
2025-07-29 00:37:26.154 [DEBUG  ] ShortcutManager.HandleKeyPress: Key=Enter Char='' Screen=TimeEntryOptionsDialog Context=
2025-07-29 00:37:26.155 [DEBUG  ] ShortcutManager: Total shortcuts registered: 14
2025-07-29 00:37:26.162 [DEBUG  ] Screen base handled: True
2025-07-29 00:37:26.612 [DEBUG  ] ShortcutManager.HandleKeyPress: Key=Tab Char='	' Screen=TimeEntryOptionsDialog Context=
2025-07-29 00:37:26.612 [DEBUG  ] ShortcutManager: Total shortcuts registered: 14
2025-07-29 00:37:26.632 [DEBUG  ] Screen base handled: True
2025-07-29 00:37:27.129 [DEBUG  ] ShortcutManager.HandleKeyPress: Key=Enter Char='' Screen=TimeEntryOptionsDialog Context=
2025-07-29 00:37:27.129 [DEBUG  ] ShortcutManager: Total shortcuts registered: 14
2025-07-29 00:37:27.144 [INFO   ] ScreenManager.Push: Pushing screen ManualTimeEntryDialog
2025-07-29 00:37:27.147 [DEBUG  ] EventBus: Subscribed handler 'handler_37' to event 'theme.changed'
2025-07-29 00:37:27.148 [DEBUG  ] EventBus: Subscribed handler 'handler_38' to event 'theme.changed'
2025-07-29 00:37:27.157 [DEBUG  ] EventBus: Subscribed handler 'handler_39' to event 'theme.changed'
2025-07-29 00:37:27.159 [DEBUG  ] EventBus: Subscribed handler 'handler_40' to event 'theme.changed'
2025-07-29 00:37:27.162 [DEBUG  ] EventBus: Subscribed handler 'handler_41' to event 'theme.changed'
2025-07-29 00:37:27.165 [DEBUG  ] EventBus: Subscribed handler 'handler_42' to event 'theme.changed'
2025-07-29 00:37:27.169 [DEBUG  ] EventBus: Subscribed handler 'handler_43' to event 'theme.changed'
2025-07-29 00:37:27.169 [DEBUG  ] EventBus: Subscribed handler 'handler_44' to event 'theme.changed'
2025-07-29 00:37:27.174 [DEBUG  ] EventBus: Subscribed handler 'handler_45' to event 'theme.changed'
2025-07-29 00:37:27.174 [DEBUG  ] EventBus: Subscribed handler 'handler_46' to event 'theme.changed'
2025-07-29 00:37:27.177 [DEBUG  ] EventBus: Subscribed handler 'handler_47' to event 'theme.changed'
2025-07-29 00:37:27.177 [DEBUG  ] EventBus: Subscribed handler 'handler_48' to event 'theme.changed'
2025-07-29 00:37:27.182 [DEBUG  ] EventBus: Subscribed handler 'handler_49' to event 'theme.changed'
2025-07-29 00:37:27.184 [DEBUG  ] EventBus: Subscribed handler 'handler_50' to event 'theme.changed'
2025-07-29 00:37:27.191 [DEBUG  ] ScreenManager.Push: Set screen bounds to (0,0,90,24)
2025-07-29 00:37:27.194 [DEBUG  ] BaseDialog: FocusManager reports focused: MinimalTextBox
2025-07-29 00:37:27.194 [INFO   ] ScreenManager.Push: Successfully pushed ManualTimeEntryDialog, Active=True
2025-07-29 00:37:27.195 [DEBUG  ] ScreenManager.Pop: Stack count before pop = 3
2025-07-29 00:37:27.195 [DEBUG  ] ScreenManager.Pop: Activating previous screen: TimeEntryOptionsDialog
2025-07-29 00:37:27.203 [DEBUG  ] BaseDialog: FocusManager reports focused: MinimalListBox
2025-07-29 00:37:27.204 [DEBUG  ] Screen base handled: True
2025-07-29 00:37:29.335 [DEBUG  ] ShortcutManager.HandleKeyPress: Key=Q Char='' Screen=TimeEntryOptionsDialog Context=
2025-07-29 00:37:29.335 [DEBUG  ] ShortcutManager: Total shortcuts registered: 14
2025-07-29 00:37:29.355 [DEBUG  ] ShortcutManager: Found 1 matching shortcuts
2025-07-29 00:37:29.357 [DEBUG  ] Checking shortcut: global.quit Scope=Global ScreenType=
2025-07-29 00:37:29.357 [DEBUG  ] Executing shortcut: global.quit
2025-07-29 00:37:29.372 [DEBUG  ] ShortcutManager handled: True
2025-07-29 00:37:29.373 [INFO   ] Shutting down PRAXIS
2025-07-29 00:37:29.391 [INFO   ] StateManager cleanup completed
2025-07-29 00:40:08.560 [INFO   ] ThemeManager: Registered themes: default, matrix, amber, amber-black, matrix-rain
2025-07-29 00:40:08.619 [INFO   ] ThemeManager.SetTheme: Attempting to set theme to 'default'
2025-07-29 00:40:08.626 [DEBUG  ]   Available themes: amber-black, matrix-rain, amber, default, matrix
2025-07-29 00:40:08.638 [INFO   ] ThemeManager: Theme changed from 'default' to 'default'
2025-07-29 00:40:08.711 [INFO   ] EventBus initialized
2025-07-29 00:40:08.948 [DEBUG  ] Registered shortcut: global.quit - Ctrl+Q
2025-07-29 00:40:08.992 [DEBUG  ] Registered shortcut: global.command_palette_alt - /
2025-07-29 00:40:09.010 [DEBUG  ] Registered shortcut: global_help - F1
2025-07-29 00:40:09.152 [INFO   ] Start.ps1: Registered themes: amber, amber-black, default, matrix, matrix-rain, synthwave-84, synthwave-outrun
2025-07-29 00:40:09.206 [DEBUG  ] EventBus: Subscribed handler 'handler_1' to event 'app.configChanged'
2025-07-29 00:40:09.623 [INFO   ] Configuration loaded from: /home/teej/projects/github/praxis/_Config/settings.json
2025-07-29 00:40:09.762 [DEBUG  ] EventBus: Subscribed handler 'handler_2' to event 'app.configChanged'
2025-07-29 00:40:09.858 [DEBUG  ] EventBus: Subscribed handler 'handler_3' to event 'project.created'
2025-07-29 00:40:09.859 [DEBUG  ] EventBus: Subscribed handler 'handler_4' to event 'task.completed'
2025-07-29 00:40:09.860 [DEBUG  ] EventBus: Subscribed handler 'handler_5' to event 'error'
2025-07-29 00:40:11.933 [INFO   ] Loaded 6 commands from /home/teej/projects/github/praxis/_ProjectData/commands.json
2025-07-29 00:40:12.040 [INFO   ] ThemeManager.SetTheme: Attempting to set theme to 'amber'
2025-07-29 00:40:12.041 [DEBUG  ]   Available themes: matrix, amber-black, matrix-rain, synthwave-outrun, amber, default, synthwave-84
2025-07-29 00:40:12.051 [INFO   ] ThemeManager: Theme changed from 'default' to 'amber'
2025-07-29 00:40:12.533 [DEBUG  ] StateManager: Fast index rebuilt with 5029 entries
2025-07-29 00:40:12.537 [INFO   ] StateManager: State loaded successfully from /home/teej/projects/github/praxis/_State/application.json
2025-07-29 00:40:12.546 [INFO   ] StateManager initialized: Path=/home/teej/projects/github/praxis/_State/application.json, AutoSave=True
2025-07-29 00:40:12.603 [DEBUG  ] ScreenManager: ShortcutManager loaded successfully
2025-07-29 00:40:12.607 [DEBUG  ] ScreenManager: FocusManager loaded successfully
2025-07-29 00:40:12.713 [INFO   ] ScreenManager.Push: Pushing screen MainScreen
2025-07-29 00:40:12.766 [DEBUG  ] MainScreen.OnInitialize: Starting simplified initialization
2025-07-29 00:40:12.940 [DEBUG  ] MainScreen.OnInitialize: Completed simplified initialization
2025-07-29 00:40:13.276 [DEBUG  ] MainScreen.OnBoundsChanged: Bounds=(0,0,90,24)
2025-07-29 00:40:13.290 [DEBUG  ] MainScreen: TabContainer bounds before: (0,0,0,0)
2025-07-29 00:40:13.355 [DEBUG  ] MainScreen: TabContainer bounds after: (0,0,90,23)
2025-07-29 00:40:13.360 [DEBUG  ] ScreenManager.Push: Set screen bounds to (0,0,90,24)
2025-07-29 00:40:13.396 [DEBUG  ] MainScreen.OnActivated: Starting deferred initialization
2025-07-29 00:40:13.411 [DEBUG  ] EventBus: Subscribed handler 'handler_6' to event 'navigation.tabChanged'
2025-07-29 00:40:13.524 [INFO   ] TabContainer.ActivateTab: START switching to tab 0
2025-07-29 00:40:13.525 [INFO   ] TabContainer.ActivateTab: About to deactivate current tab
2025-07-29 00:40:13.525 [INFO   ] TabContainer.ActivateTab: About to activate new tab 0
2025-07-29 00:40:13.534 [INFO   ] TabContainer.ActivateTab: New tab has content, checking initialization
2025-07-29 00:40:13.537 [INFO   ] TabContainer.ActivateTab: Initializing new tab content
2025-07-29 00:40:13.613 [DEBUG  ] EventBus: Subscribed handler 'handler_7' to event 'project.created'
2025-07-29 00:40:13.617 [DEBUG  ] EventBus: Subscribed handler 'handler_8' to event 'command.executed'
2025-07-29 00:40:13.618 [DEBUG  ] EventBus: Subscribed handler 'handler_9' to event 'project.updated'
2025-07-29 00:40:13.619 [DEBUG  ] EventBus: Subscribed handler 'handler_10' to event 'project.deleted'
2025-07-29 00:40:14.007 [DEBUG  ] EventBus: Subscribed handler 'handler_11' to event 'theme.changed'
2025-07-29 00:40:14.170 [DEBUG  ] Registered shortcut: projects.new - n
2025-07-29 00:40:14.177 [DEBUG  ] Registered shortcut: projects.edit - e
2025-07-29 00:40:14.182 [DEBUG  ] Registered shortcut: projects.delete - d
2025-07-29 00:40:14.188 [DEBUG  ] Registered shortcut: projects.refresh - F5
2025-07-29 00:40:14.191 [DEBUG  ] ProjectsScreen.RegisterShortcuts: Registered shortcuts for 'n', 'e', 'd', etc.
2025-07-29 00:40:14.220 [INFO   ] TabContainer.ActivateTab: New tab content initialized
2025-07-29 00:40:14.220 [INFO   ] TabContainer.ActivateTab: Positioning new content
2025-07-29 00:40:14.306 [DEBUG  ] ProjectsScreen.OnBoundsChanged: Bounds=(2,3,86,18)
2025-07-29 00:40:14.667 [INFO   ] TabContainer.ActivateTab: Adding new child
2025-07-29 00:40:14.729 [INFO   ] TabContainer.ActivateTab: New child added
2025-07-29 00:40:14.730 [INFO   ] TabContainer.ActivateTab: Setting up screen properties
2025-07-29 00:40:14.739 [INFO   ] TabContainer.ActivateTab: About to call OnActivated()
2025-07-29 00:40:14.760 [DEBUG  ] ProjectsScreen.OnActivated: Screen activated with new focus system
2025-07-29 00:40:14.775 [DEBUG  ] ProjectsScreen focus check: ProjectGrid=True, Items=18
2025-07-29 00:40:14.835 [INFO   ] TabContainer.ActivateTab: OnActivated() completed
2025-07-29 00:40:14.835 [INFO   ] TabContainer.ActivateTab: Invalidating new content
2025-07-29 00:40:14.838 [INFO   ] TabContainer.ActivateTab: New content invalidated
2025-07-29 00:40:14.839 [INFO   ] TabContainer.ActivateTab: COMPLETED switching to tab 0
2025-07-29 00:40:14.848 [INFO   ] TabContainer.ActivateTab: COMPLETED switching to tab 0
2025-07-29 00:40:15.229 [WARNING] FileBrowserScreen.OnBoundsChanged: Invalid bounds - FileTree=False, Width=86, Height=18
2025-07-29 00:40:15.938 [DEBUG  ] VisualMacroFactoryScreen.OnBoundsChanged: Width=86 Height=18
2025-07-29 00:40:15.942 [DEBUG  ] VisualMacroFactoryScreen.OnBoundsChanged: ISLAND LAYOUT - leftWidth=25 centerWidth=33 rightWidth=24 gap=2
2025-07-29 00:40:16.137 [DEBUG  ] EventBus: Subscribed handler 'handler_12' to event 'theme.changed'
2025-07-29 00:40:16.356 [DEBUG  ] EventBus: Subscribed handler 'handler_13' to event 'command.registered'
2025-07-29 00:40:16.460 [DEBUG  ] EventBus: Subscribed handler 'handler_14' to event 'time.changed'
2025-07-29 00:40:16.606 [DEBUG  ] MainScreen.OnActivated: Completed deferred initialization
2025-07-29 00:40:16.615 [INFO   ] ScreenManager.Push: Successfully pushed MainScreen, Active=True
2025-07-29 00:40:16.621 [INFO   ] Starting PRAXIS main loop
2025-07-29 00:40:16.651 [INFO   ] ScreenManager.Run: Starting main loop
2025-07-29 00:40:16.654 [INFO   ] Active screen: MainScreen
2025-07-29 00:40:16.654 [INFO   ] Active screen.Active: True
2025-07-29 00:40:16.686 [DEBUG  ] MainScreen.OnBoundsChanged: Bounds=(0,0,90,23)
2025-07-29 00:40:16.687 [DEBUG  ] MainScreen: TabContainer bounds before: (0,0,90,23)
2025-07-29 00:40:16.693 [DEBUG  ] ProjectsScreen.OnBoundsChanged: Bounds=(2,3,86,17)
2025-07-29 00:40:16.741 [DEBUG  ] MainScreen: TabContainer bounds after: (0,0,90,22)
2025-07-29 00:40:19.657 [INFO   ] ShortcutManager.HandleKeyPress: START processing key '3'
2025-07-29 00:40:19.664 [DEBUG  ] ShortcutManager.HandleKeyPress: Key=D3 Char='3' Screen=ProjectsScreen Context=
2025-07-29 00:40:19.667 [DEBUG  ] ShortcutManager: Total shortcuts registered: 7
2025-07-29 00:40:19.667 [INFO   ] ShortcutManager: About to find matching shortcuts for key '3'
2025-07-29 00:40:19.695 [INFO   ] ShortcutManager: Found 0 candidates for key '3'
2025-07-29 00:40:19.698 [INFO   ] ShortcutManager.HandleKeyPress: COMPLETED processing key '3', returning false
2025-07-29 00:40:19.715 [INFO   ] Screen.HandleInput: START processing key '3'
2025-07-29 00:40:19.723 [INFO   ] Screen.HandleInput: About to call Container.HandleInput for key '3'
2025-07-29 00:40:19.805 [INFO   ] Screen.HandleInput: Container.HandleInput returned False for key '3'
2025-07-29 00:40:19.808 [DEBUG  ] Screen base handled: False
2025-07-29 00:40:19.823 [INFO   ] MainScreen.HandleScreenInput: START processing key '3'
2025-07-29 00:40:19.864 [INFO   ] TabContainer.ActivateTab: START switching to tab 2
2025-07-29 00:40:19.864 [INFO   ] TabContainer.ActivateTab: About to deactivate current tab
2025-07-29 00:40:19.864 [INFO   ] TabContainer.ActivateTab: Deactivating current tab 0
2025-07-29 00:40:19.864 [INFO   ] TabContainer.ActivateTab: Removing old child content
2025-07-29 00:40:19.902 [INFO   ] TabContainer.ActivateTab: Old child content removed
2025-07-29 00:40:19.902 [INFO   ] TabContainer.ActivateTab: About to activate new tab 2
2025-07-29 00:40:19.906 [INFO   ] TabContainer.ActivateTab: New tab has content, checking initialization
2025-07-29 00:40:19.906 [INFO   ] TabContainer.ActivateTab: Initializing new tab content
2025-07-29 00:40:19.997 [DEBUG  ] EventBus: Subscribed handler 'handler_15' to event 'timeentry.updated'
2025-07-29 00:40:20.049 [DEBUG  ] EventBus: Subscribed handler 'handler_16' to event 'theme.changed'
2025-07-29 00:40:20.212 [DEBUG  ] Registered shortcut: time.quick - q
2025-07-29 00:40:20.220 [DEBUG  ] Registered shortcut: time.edit - e
2025-07-29 00:40:20.226 [DEBUG  ] Registered shortcut: time.prevweek - LeftArrow
2025-07-29 00:40:20.232 [DEBUG  ] Registered shortcut: time.nextweek - RightArrow
2025-07-29 00:40:20.238 [DEBUG  ] Registered shortcut: time.currentweek - c
2025-07-29 00:40:20.245 [DEBUG  ] Registered shortcut: time.new - n
2025-07-29 00:40:20.252 [DEBUG  ] Registered shortcut: time.delete - d
2025-07-29 00:40:20.297 [INFO   ] TabContainer.ActivateTab: New tab content initialized
2025-07-29 00:40:20.298 [INFO   ] TabContainer.ActivateTab: Positioning new content
2025-07-29 00:40:20.396 [INFO   ] TabContainer.ActivateTab: Adding new child
2025-07-29 00:40:20.413 [INFO   ] TabContainer.ActivateTab: New child added
2025-07-29 00:40:20.413 [INFO   ] TabContainer.ActivateTab: Setting up screen properties
2025-07-29 00:40:20.422 [INFO   ] TabContainer.ActivateTab: About to call OnActivated()
2025-07-29 00:40:20.507 [INFO   ] TabContainer.ActivateTab: OnActivated() completed
2025-07-29 00:40:20.507 [INFO   ] TabContainer.ActivateTab: Invalidating new content
2025-07-29 00:40:20.510 [INFO   ] TabContainer.ActivateTab: New content invalidated
2025-07-29 00:40:20.510 [INFO   ] TabContainer.ActivateTab: Deactivating old content
2025-07-29 00:40:20.514 [INFO   ] TabContainer.ActivateTab: Old content deactivated
2025-07-29 00:40:20.515 [INFO   ] TabContainer.ActivateTab: COMPLETED switching to tab 2
2025-07-29 00:40:20.515 [INFO   ] TabContainer.ActivateTab: COMPLETED switching to tab 2
2025-07-29 00:40:20.515 [INFO   ] MainScreen.HandleScreenInput: TabContainer handled key '3'
2025-07-29 00:40:20.515 [DEBUG  ] Screen shortcuts handled: True
2025-07-29 00:40:21.474 [DEBUG  ] ShortcutManager.HandleKeyPress: Key=N Char='n' Screen=TimeEntryScreen Context=
2025-07-29 00:40:21.474 [DEBUG  ] ShortcutManager: Total shortcuts registered: 14
2025-07-29 00:40:21.479 [DEBUG  ] ShortcutManager: Found 2 matching shortcuts
2025-07-29 00:40:21.495 [DEBUG  ] Checking shortcut: projects.new Scope=Screen ScreenType=ProjectsScreen
2025-07-29 00:40:21.504 [DEBUG  ] Checking shortcut: time.new Scope=Screen ScreenType=TimeEntryScreen
2025-07-29 00:40:21.504 [DEBUG  ] Screen shortcut matches: time.new
2025-07-29 00:40:21.507 [DEBUG  ] Executing shortcut: time.new
2025-07-29 00:40:21.607 [INFO   ] ScreenManager.Push: Pushing screen TimeEntryOptionsDialog
2025-07-29 00:40:21.879 [DEBUG  ] EventBus: Subscribed handler 'handler_17' to event 'theme.changed'
2025-07-29 00:40:21.907 [DEBUG  ] EventBus: Subscribed handler 'handler_18' to event 'theme.changed'
2025-07-29 00:40:21.918 [DEBUG  ] EventBus: Subscribed handler 'handler_19' to event 'theme.changed'
2025-07-29 00:40:21.919 [DEBUG  ] EventBus: Subscribed handler 'handler_20' to event 'theme.changed'
2025-07-29 00:40:22.108 [DEBUG  ] EventBus: Subscribed handler 'handler_21' to event 'theme.changed'
2025-07-29 00:40:22.144 [DEBUG  ] EventBus: Subscribed handler 'handler_22' to event 'theme.changed'
2025-07-29 00:40:22.407 [DEBUG  ] ScreenManager.Push: Set screen bounds to (0,0,90,24)
2025-07-29 00:40:22.511 [DEBUG  ] BaseDialog: FocusManager reports focused: MinimalListBox
2025-07-29 00:40:22.516 [INFO   ] ScreenManager.Push: Successfully pushed TimeEntryOptionsDialog, Active=True
2025-07-29 00:40:22.517 [DEBUG  ] ShortcutManager handled: True
2025-07-29 00:40:24.252 [DEBUG  ] ShortcutManager.HandleKeyPress: Key=DownArrow Char=' ' Screen=TimeEntryOptionsDialog Context=
2025-07-29 00:40:24.253 [DEBUG  ] ShortcutManager: Total shortcuts registered: 14
2025-07-29 00:40:24.362 [DEBUG  ] Screen base handled: True
2025-07-29 00:40:24.777 [DEBUG  ] ShortcutManager.HandleKeyPress: Key=Enter Char='' Screen=TimeEntryOptionsDialog Context=
2025-07-29 00:40:24.777 [DEBUG  ] ShortcutManager: Total shortcuts registered: 14
2025-07-29 00:40:24.791 [DEBUG  ] Screen base handled: True
2025-07-29 00:40:28.034 [DEBUG  ] ShortcutManager.HandleKeyPress: Key=UpArrow Char=' ' Screen=TimeEntryOptionsDialog Context=
2025-07-29 00:40:28.034 [DEBUG  ] ShortcutManager: Total shortcuts registered: 14
2025-07-29 00:40:28.045 [DEBUG  ] Screen base handled: True
2025-07-29 00:40:28.408 [DEBUG  ] ShortcutManager.HandleKeyPress: Key=Enter Char='' Screen=TimeEntryOptionsDialog Context=
2025-07-29 00:40:28.409 [DEBUG  ] ShortcutManager: Total shortcuts registered: 14
2025-07-29 00:40:28.419 [DEBUG  ] Screen base handled: True
2025-07-29 00:40:29.977 [DEBUG  ] ShortcutManager.HandleKeyPress: Key=DownArrow Char=' ' Screen=TimeEntryOptionsDialog Context=
2025-07-29 00:40:29.977 [DEBUG  ] ShortcutManager: Total shortcuts registered: 14
2025-07-29 00:40:30.008 [DEBUG  ] Screen base handled: True
2025-07-29 00:40:30.225 [DEBUG  ] ShortcutManager.HandleKeyPress: Key=DownArrow Char=' ' Screen=TimeEntryOptionsDialog Context=
2025-07-29 00:40:30.228 [DEBUG  ] ShortcutManager: Total shortcuts registered: 14
2025-07-29 00:40:30.239 [DEBUG  ] Screen base handled: True
2025-07-29 00:40:30.996 [DEBUG  ] ShortcutManager.HandleKeyPress: Key=Tab Char='	' Screen=TimeEntryOptionsDialog Context=
2025-07-29 00:40:30.998 [DEBUG  ] ShortcutManager: Total shortcuts registered: 14
2025-07-29 00:40:31.178 [DEBUG  ] Screen base handled: True
2025-07-29 00:40:31.938 [DEBUG  ] ShortcutManager.HandleKeyPress: Key=Enter Char='' Screen=TimeEntryOptionsDialog Context=
2025-07-29 00:40:31.938 [DEBUG  ] ShortcutManager: Total shortcuts registered: 14
2025-07-29 00:40:32.011 [DEBUG  ] ScreenManager.Pop: Stack count before pop = 2
2025-07-29 00:40:32.021 [DEBUG  ] ScreenManager.Pop: Activating previous screen: MainScreen
2025-07-29 00:40:32.085 [INFO   ] ScreenManager.Push: Pushing screen ManualTimeEntryDialog
2025-07-29 00:40:32.155 [DEBUG  ] EventBus: Subscribed handler 'handler_23' to event 'theme.changed'
2025-07-29 00:40:32.156 [DEBUG  ] EventBus: Subscribed handler 'handler_24' to event 'theme.changed'
2025-07-29 00:40:32.165 [DEBUG  ] EventBus: Subscribed handler 'handler_25' to event 'theme.changed'
2025-07-29 00:40:32.166 [DEBUG  ] EventBus: Subscribed handler 'handler_26' to event 'theme.changed'
2025-07-29 00:40:32.295 [DEBUG  ] EventBus: Subscribed handler 'handler_27' to event 'theme.changed'
2025-07-29 00:40:32.321 [DEBUG  ] EventBus: Subscribed handler 'handler_28' to event 'theme.changed'
2025-07-29 00:40:32.362 [DEBUG  ] EventBus: Subscribed handler 'handler_29' to event 'theme.changed'
2025-07-29 00:40:32.365 [DEBUG  ] EventBus: Subscribed handler 'handler_30' to event 'theme.changed'
2025-07-29 00:40:32.395 [DEBUG  ] EventBus: Subscribed handler 'handler_31' to event 'theme.changed'
2025-07-29 00:40:32.396 [DEBUG  ] EventBus: Subscribed handler 'handler_32' to event 'theme.changed'
2025-07-29 00:40:32.409 [DEBUG  ] EventBus: Subscribed handler 'handler_33' to event 'theme.changed'
2025-07-29 00:40:32.410 [DEBUG  ] EventBus: Subscribed handler 'handler_34' to event 'theme.changed'
2025-07-29 00:40:32.426 [DEBUG  ] EventBus: Subscribed handler 'handler_35' to event 'theme.changed'
2025-07-29 00:40:32.429 [DEBUG  ] EventBus: Subscribed handler 'handler_36' to event 'theme.changed'
2025-07-29 00:40:32.582 [DEBUG  ] ScreenManager.Push: Set screen bounds to (0,0,90,24)
2025-07-29 00:40:32.649 [DEBUG  ] BaseDialog: FocusManager reports focused: MinimalTextBox
2025-07-29 00:40:32.655 [INFO   ] ScreenManager.Push: Successfully pushed ManualTimeEntryDialog, Active=True
2025-07-29 00:40:32.670 [DEBUG  ] ScreenManager.Pop: Stack count before pop = 2
2025-07-29 00:40:32.676 [DEBUG  ] ScreenManager.Pop: Activating previous screen: MainScreen
2025-07-29 00:40:32.679 [DEBUG  ] Screen base handled: True
2025-07-29 00:40:37.132 [DEBUG  ] ShortcutManager.HandleKeyPress: Key=Q Char='' Screen=TimeEntryScreen Context=
2025-07-29 00:40:37.132 [DEBUG  ] ShortcutManager: Total shortcuts registered: 14
2025-07-29 00:40:37.149 [DEBUG  ] ShortcutManager: Found 1 matching shortcuts
2025-07-29 00:40:37.152 [DEBUG  ] Checking shortcut: global.quit Scope=Global ScreenType=
2025-07-29 00:40:37.153 [DEBUG  ] Executing shortcut: global.quit
2025-07-29 00:40:37.164 [DEBUG  ] ShortcutManager handled: True
2025-07-29 00:40:37.165 [INFO   ] Shutting down PRAXIS
2025-07-29 00:40:37.187 [INFO   ] StateManager cleanup completed
