[2025-08-02 18:38:37.380] [INFO] === ExcelDataFlow Debug Log Started ===
[2025-08-02 18:38:39.340] [DEBUG] Console input not available, using fallback
[2025-08-02 18:38:39.382] [DEBUG] User selected option 2 (index 1)
[2025-08-02 18:38:39.434] [INFO] === SimpleDialog.HandleInput - Enter key pressed ===
[2025-08-02 18:38:39.446] [INFO] SimpleDialog DialogResult set to true
[2025-08-02 18:38:39.458] [INFO] Calling OnSelect handler...
[2025-08-02 18:38:39.696] [DEBUG] Console input not available, using fallback
[2025-08-02 18:38:39.729] [INFO] === SimpleDialog.HandleInput - Enter key pressed ===
[2025-08-02 18:38:39.751] [INFO] SimpleDialog DialogResult set to true
[2025-08-02 18:38:39.779] [INFO] Calling OnSelect handler...
[2025-08-02 18:38:40.718] [INFO] Showing ProfileSelectionDialog...
[2025-08-02 18:38:41.016] [DEBUG] Console input not available, using fallback
[2025-08-02 18:38:41.067] [INFO] === SimpleDialog.HandleInput - Enter key pressed ===
[2025-08-02 18:38:41.074] [INFO] SimpleDialog DialogResult set to true
[2025-08-02 18:38:41.089] [INFO] Calling OnSelect handler...
[2025-08-02 18:38:41.099] [INFO] === IntegratedWorkflowManager.OnSelect triggered ===
[2025-08-02 18:38:41.137] [DEBUG] ExportWithSelectedProfile called
[2025-08-02 18:38:41.152] [DEBUG] Selected Profile: 'Complete Export'
[2025-08-02 18:38:41.168] [DEBUG] Selected Index: 0
[2025-08-02 18:38:41.180] [DEBUG] Profile Names Count: 5
[2025-08-02 18:38:41.237] [INFO] Profile selection completed, dialog will exit
[2025-08-02 18:38:41.244] [INFO] Returning false to exit dialog
[2025-08-02 18:38:41.265] [INFO] Dialog completed, checking DialogResult: True
[2025-08-02 18:38:41.275] [INFO] Dialog successful, executing export...
[2025-08-02 18:38:41.304] [INFO] === ExecuteProfileExport started ===
[2025-08-02 18:38:41.312] [DEBUG] Dialog DialogResult: True
[2025-08-02 18:38:41.319] [INFO] Getting export settings from dialog...
[2025-08-02 18:38:41.541] [DEBUG] GetExportSettings result: Success=True
[2025-08-02 18:38:41.545] [INFO] Export settings obtained successfully
[2025-08-02 18:38:41.552] [DEBUG] Output path: /home/teej/projects/github/praxis/ExcelDataFlow/complete_export_20250802_183840.csv
[2025-08-02 18:38:41.560] [DEBUG] Format: CSV
[2025-08-02 18:38:41.577] [DEBUG] Selected fields count: 15
[2025-08-02 18:38:41.585] [INFO] Starting data extraction from Excel...
[2025-08-02 18:38:41.605] [INFO] Opening source workbook...
[2025-08-02 18:38:41.653] [ERROR] Failed to open source workbook: Source file not found: C:\path\to\source.xlsx
[2025-08-02 18:38:41.658] [INFO] Returning false to exit dialog
[2025-08-02 18:38:41.668] [INFO] Returning false to exit dialog
