DEBUG: Starting RenderTimeEntryMode... 08/09/2025 14:54:12
DEBUG: Starting RenderTimeList, TimeFlatList.Count = 0 08/09/2025 14:54:12
DEBUG: RenderTimeEntryMode completed successfully 08/09/2025 14:54:12
DEBUG: Starting RenderTimeEntryMode... 08/09/2025 14:54:13
DEBUG: Starting RenderTimeList, TimeFlatList.Count = 2 08/09/2025 14:54:13
ERROR in RenderTimeList: You cannot call a method on a null-valued expression. 08/09/2025 14:54:13
Stack trace: at RenderTimeContent, /home/teej/projects/github/praxis/simpletaskpro/Screens/TaskListScreen.ps1: line 1293
at RenderTimeList, /home/teej/projects/github/praxis/simpletaskpro/Screens/TaskListScreen.ps1: line 1227
at RenderTimeEntryMode, /home/teej/projects/github/praxis/simpletaskpro/Screens/TaskListScreen.ps1: line 1094
at Render, /home/teej/projects/github/praxis/simpletaskpro/Screens/TaskListScreen.ps1: line 760
at Run, /home/teej/projects/github/praxis/simpletaskpro/Core/SimpleTaskProApp.ps1: line 59
at <ScriptBlock>, /home/teej/projects/github/praxis/simpletaskpro/SimpleTaskPro.ps1: line 103
DEBUG: RenderTimeEntryMode completed successfully 08/09/2025 14:54:13
DEBUG: Starting RenderTimeEntryMode... 08/09/2025 14:57:05
DEBUG: Starting RenderTimeList, TimeFlatList.Count = 2 08/09/2025 14:57:05
ERROR in RenderTimeList: You cannot call a method on a null-valued expression. 08/09/2025 14:57:05
Stack trace: at RenderTimeContent, /home/teej/projects/github/praxis/simpletaskpro/Screens/TaskListScreen.ps1: line 1293
at RenderTimeList, /home/teej/projects/github/praxis/simpletaskpro/Screens/TaskListScreen.ps1: line 1227
at RenderTimeEntryMode, /home/teej/projects/github/praxis/simpletaskpro/Screens/TaskListScreen.ps1: line 1094
at Render, /home/teej/projects/github/praxis/simpletaskpro/Screens/TaskListScreen.ps1: line 760
at Run, /home/teej/projects/github/praxis/simpletaskpro/Core/SimpleTaskProApp.ps1: line 59
at <ScriptBlock>, /home/teej/projects/github/praxis/simpletaskpro/SimpleTaskPro.ps1: line 103
DEBUG: RenderTimeEntryMode completed successfully 08/09/2025 14:57:05
DEBUG: Starting RenderTimeEntryMode... 08/09/2025 14:57:06
DEBUG: Starting RenderTimeList, TimeFlatList.Count = 2 08/09/2025 14:57:06
ERROR in RenderTimeList: You cannot call a method on a null-valued expression. 08/09/2025 14:57:07
Stack trace: at RenderTimeContent, /home/teej/projects/github/praxis/simpletaskpro/Screens/TaskListScreen.ps1: line 1293
at RenderTimeList, /home/teej/projects/github/praxis/simpletaskpro/Screens/TaskListScreen.ps1: line 1227
at RenderTimeEntryMode, /home/teej/projects/github/praxis/simpletaskpro/Screens/TaskListScreen.ps1: line 1094
at Render, /home/teej/projects/github/praxis/simpletaskpro/Screens/TaskListScreen.ps1: line 760
at Run, /home/teej/projects/github/praxis/simpletaskpro/Core/SimpleTaskProApp.ps1: line 59
at <ScriptBlock>, /home/teej/projects/github/praxis/simpletaskpro/SimpleTaskPro.ps1: line 103
DEBUG: RenderTimeEntryMode completed successfully 08/09/2025 14:57:07
DEBUG: LoadTimeEntries - allEntries count: 0 08/09/2025 14:57:18
DEBUG: Filtered mode - TimeEntries count: 0 08/09/2025 14:57:18
DEBUG: TimeFlatList count after build: 0 08/09/2025 14:57:18
DEBUG: Starting RenderTimeEntryMode... 08/09/2025 14:57:18
DEBUG: Starting RenderTimeList, TimeFlatList.Count = 0 08/09/2025 14:57:18
DEBUG: RenderTimeEntryMode completed successfully 08/09/2025 14:57:18
DEBUG: LoadTimeEntries - allEntries count: 0 08/09/2025 14:57:20
DEBUG: After adding existing entries - TimeEntries count: 1 08/09/2025 14:57:20
DEBUG: Existing project codes:  08/09/2025 14:57:20
DEBUG: TaskLookup has 0 keys 08/09/2025 14:57:20
DEBUG: Final TimeEntries count: 1 08/09/2025 14:57:20
DEBUG: TimeFlatList count after build: 0 08/09/2025 14:57:20
DEBUG: Starting RenderTimeEntryMode... 08/09/2025 14:57:20
DEBUG: Starting RenderTimeList, TimeFlatList.Count = 1 08/09/2025 14:57:20
ERROR in RenderTimeList: The '++' operator works only on numbers. The operand is a 'System.Object[]'. 08/09/2025 14:57:20
Stack trace: at RenderTimeList, /home/teej/projects/github/praxis/simpletaskpro/Screens/TaskListScreen.ps1: line 1248
at RenderTimeEntryMode, /home/teej/projects/github/praxis/simpletaskpro/Screens/TaskListScreen.ps1: line 1104
at Render, /home/teej/projects/github/praxis/simpletaskpro/Screens/TaskListScreen.ps1: line 770
at Run, /home/teej/projects/github/praxis/simpletaskpro/Core/SimpleTaskProApp.ps1: line 59
at <ScriptBlock>, /home/teej/projects/github/praxis/simpletaskpro/SimpleTaskPro.ps1: line 103
DEBUG: RenderTimeEntryMode completed successfully 08/09/2025 14:57:20
DEBUG: Starting RenderTimeEntryMode... 08/09/2025 14:57:27
DEBUG: Starting RenderTimeList, TimeFlatList.Count = 1 08/09/2025 14:57:27
ERROR in RenderTimeList: The '++' operator works only on numbers. The operand is a 'System.Object[]'. 08/09/2025 14:57:27
Stack trace: at RenderTimeList, /home/teej/projects/github/praxis/simpletaskpro/Screens/TaskListScreen.ps1: line 1248
at RenderTimeEntryMode, /home/teej/projects/github/praxis/simpletaskpro/Screens/TaskListScreen.ps1: line 1104
at Render, /home/teej/projects/github/praxis/simpletaskpro/Screens/TaskListScreen.ps1: line 770
at Run, /home/teej/projects/github/praxis/simpletaskpro/Core/SimpleTaskProApp.ps1: line 59
at <ScriptBlock>, /home/teej/projects/github/praxis/simpletaskpro/SimpleTaskPro.ps1: line 103
DEBUG: RenderTimeEntryMode completed successfully 08/09/2025 14:57:27
DEBUG: Starting RenderTimeEntryMode... 08/09/2025 14:57:27
DEBUG: Starting RenderTimeList, TimeFlatList.Count = 1 08/09/2025 14:57:27
ERROR in RenderTimeList: The '++' operator works only on numbers. The operand is a 'System.Object[]'. 08/09/2025 14:57:27
Stack trace: at RenderTimeList, /home/teej/projects/github/praxis/simpletaskpro/Screens/TaskListScreen.ps1: line 1248
at RenderTimeEntryMode, /home/teej/projects/github/praxis/simpletaskpro/Screens/TaskListScreen.ps1: line 1104
at Render, /home/teej/projects/github/praxis/simpletaskpro/Screens/TaskListScreen.ps1: line 770
at Run, /home/teej/projects/github/praxis/simpletaskpro/Core/SimpleTaskProApp.ps1: line 59
at <ScriptBlock>, /home/teej/projects/github/praxis/simpletaskpro/SimpleTaskPro.ps1: line 103
DEBUG: RenderTimeEntryMode completed successfully 08/09/2025 14:57:27
DEBUG: Starting RenderTimeEntryMode... 08/09/2025 14:57:27
DEBUG: Starting RenderTimeList, TimeFlatList.Count = 1 08/09/2025 14:57:27
ERROR in RenderTimeList: The '++' operator works only on numbers. The operand is a 'System.Object[]'. 08/09/2025 14:57:27
Stack trace: at RenderTimeList, /home/teej/projects/github/praxis/simpletaskpro/Screens/TaskListScreen.ps1: line 1248
at RenderTimeEntryMode, /home/teej/projects/github/praxis/simpletaskpro/Screens/TaskListScreen.ps1: line 1104
at Render, /home/teej/projects/github/praxis/simpletaskpro/Screens/TaskListScreen.ps1: line 770
at Run, /home/teej/projects/github/praxis/simpletaskpro/Core/SimpleTaskProApp.ps1: line 59
at <ScriptBlock>, /home/teej/projects/github/praxis/simpletaskpro/SimpleTaskPro.ps1: line 103
DEBUG: RenderTimeEntryMode completed successfully 08/09/2025 14:57:27
DEBUG: Starting RenderTimeEntryMode... 08/09/2025 14:57:28
DEBUG: Starting RenderTimeList, TimeFlatList.Count = 1 08/09/2025 14:57:28
ERROR in RenderTimeList: The '++' operator works only on numbers. The operand is a 'System.Object[]'. 08/09/2025 14:57:28
Stack trace: at RenderTimeList, /home/teej/projects/github/praxis/simpletaskpro/Screens/TaskListScreen.ps1: line 1248
at RenderTimeEntryMode, /home/teej/projects/github/praxis/simpletaskpro/Screens/TaskListScreen.ps1: line 1104
at Render, /home/teej/projects/github/praxis/simpletaskpro/Screens/TaskListScreen.ps1: line 770
at Run, /home/teej/projects/github/praxis/simpletaskpro/Core/SimpleTaskProApp.ps1: line 59
at <ScriptBlock>, /home/teej/projects/github/praxis/simpletaskpro/SimpleTaskPro.ps1: line 103
DEBUG: RenderTimeEntryMode completed successfully 08/09/2025 14:57:28
DEBUG: Starting RenderTimeEntryMode... 08/09/2025 14:57:31
DEBUG: Starting RenderTimeList, TimeFlatList.Count = 1 08/09/2025 14:57:31
ERROR in RenderTimeList: The '++' operator works only on numbers. The operand is a 'System.Object[]'. 08/09/2025 14:57:31
Stack trace: at RenderTimeList, /home/teej/projects/github/praxis/simpletaskpro/Screens/TaskListScreen.ps1: line 1248
at RenderTimeEntryMode, /home/teej/projects/github/praxis/simpletaskpro/Screens/TaskListScreen.ps1: line 1104
at Render, /home/teej/projects/github/praxis/simpletaskpro/Screens/TaskListScreen.ps1: line 770
at Run, /home/teej/projects/github/praxis/simpletaskpro/Core/SimpleTaskProApp.ps1: line 59
at <ScriptBlock>, /home/teej/projects/github/praxis/simpletaskpro/SimpleTaskPro.ps1: line 103
DEBUG: RenderTimeEntryMode completed successfully 08/09/2025 14:57:31
DEBUG: Starting RenderTimeEntryMode... 08/09/2025 14:57:32
DEBUG: Starting RenderTimeList, TimeFlatList.Count = 1 08/09/2025 14:57:32
ERROR in RenderTimeList: The '++' operator works only on numbers. The operand is a 'System.Object[]'. 08/09/2025 14:57:32
Stack trace: at RenderTimeList, /home/teej/projects/github/praxis/simpletaskpro/Screens/TaskListScreen.ps1: line 1248
at RenderTimeEntryMode, /home/teej/projects/github/praxis/simpletaskpro/Screens/TaskListScreen.ps1: line 1104
at Render, /home/teej/projects/github/praxis/simpletaskpro/Screens/TaskListScreen.ps1: line 770
at Run, /home/teej/projects/github/praxis/simpletaskpro/Core/SimpleTaskProApp.ps1: line 59
at <ScriptBlock>, /home/teej/projects/github/praxis/simpletaskpro/SimpleTaskPro.ps1: line 103
DEBUG: RenderTimeEntryMode completed successfully 08/09/2025 14:57:32
DEBUG: Starting RenderTimeEntryMode... 08/09/2025 14:57:32
DEBUG: Starting RenderTimeList, TimeFlatList.Count = 1 08/09/2025 14:57:32
ERROR in RenderTimeList: The '++' operator works only on numbers. The operand is a 'System.Object[]'. 08/09/2025 14:57:32
Stack trace: at RenderTimeList, /home/teej/projects/github/praxis/simpletaskpro/Screens/TaskListScreen.ps1: line 1248
at RenderTimeEntryMode, /home/teej/projects/github/praxis/simpletaskpro/Screens/TaskListScreen.ps1: line 1104
at Render, /home/teej/projects/github/praxis/simpletaskpro/Screens/TaskListScreen.ps1: line 770
at Run, /home/teej/projects/github/praxis/simpletaskpro/Core/SimpleTaskProApp.ps1: line 59
at <ScriptBlock>, /home/teej/projects/github/praxis/simpletaskpro/SimpleTaskPro.ps1: line 103
DEBUG: RenderTimeEntryMode completed successfully 08/09/2025 14:57:32
DEBUG: Starting RenderTimeEntryMode... 08/09/2025 14:57:34
DEBUG: Starting RenderTimeList, TimeFlatList.Count = 1 08/09/2025 14:57:34
ERROR in RenderTimeList: The '++' operator works only on numbers. The operand is a 'System.Object[]'. 08/09/2025 14:57:34
Stack trace: at RenderTimeList, /home/teej/projects/github/praxis/simpletaskpro/Screens/TaskListScreen.ps1: line 1248
at RenderTimeEntryMode, /home/teej/projects/github/praxis/simpletaskpro/Screens/TaskListScreen.ps1: line 1104
at Render, /home/teej/projects/github/praxis/simpletaskpro/Screens/TaskListScreen.ps1: line 770
at Run, /home/teej/projects/github/praxis/simpletaskpro/Core/SimpleTaskProApp.ps1: line 59
at <ScriptBlock>, /home/teej/projects/github/praxis/simpletaskpro/SimpleTaskPro.ps1: line 103
DEBUG: RenderTimeEntryMode completed successfully 08/09/2025 14:57:34
DEBUG: Starting RenderTimeEntryMode... 08/09/2025 14:57:35
DEBUG: Starting RenderTimeList, TimeFlatList.Count = 1 08/09/2025 14:57:35
ERROR in RenderTimeList: The '++' operator works only on numbers. The operand is a 'System.Object[]'. 08/09/2025 14:57:35
Stack trace: at RenderTimeList, /home/teej/projects/github/praxis/simpletaskpro/Screens/TaskListScreen.ps1: line 1248
at RenderTimeEntryMode, /home/teej/projects/github/praxis/simpletaskpro/Screens/TaskListScreen.ps1: line 1104
at Render, /home/teej/projects/github/praxis/simpletaskpro/Screens/TaskListScreen.ps1: line 770
at Run, /home/teej/projects/github/praxis/simpletaskpro/Core/SimpleTaskProApp.ps1: line 59
at <ScriptBlock>, /home/teej/projects/github/praxis/simpletaskpro/SimpleTaskPro.ps1: line 103
DEBUG: RenderTimeEntryMode completed successfully 08/09/2025 14:57:35
DEBUG: Starting RenderTimeEntryMode... 08/09/2025 14:57:36
DEBUG: Starting RenderTimeList, TimeFlatList.Count = 1 08/09/2025 14:57:36
ERROR in RenderTimeList: The '++' operator works only on numbers. The operand is a 'System.Object[]'. 08/09/2025 14:57:36
Stack trace: at RenderTimeList, /home/teej/projects/github/praxis/simpletaskpro/Screens/TaskListScreen.ps1: line 1248
at RenderTimeEntryMode, /home/teej/projects/github/praxis/simpletaskpro/Screens/TaskListScreen.ps1: line 1104
at Render, /home/teej/projects/github/praxis/simpletaskpro/Screens/TaskListScreen.ps1: line 770
at Run, /home/teej/projects/github/praxis/simpletaskpro/Core/SimpleTaskProApp.ps1: line 59
at <ScriptBlock>, /home/teej/projects/github/praxis/simpletaskpro/SimpleTaskPro.ps1: line 103
DEBUG: RenderTimeEntryMode completed successfully 08/09/2025 14:57:36
DEBUG: Starting RenderTimeEntryMode... 08/09/2025 14:57:45
DEBUG: Starting RenderTimeList, TimeFlatList.Count = 1 08/09/2025 14:57:45
ERROR in RenderTimeList: The '++' operator works only on numbers. The operand is a 'System.Object[]'. 08/09/2025 14:57:45
Stack trace: at RenderTimeList, /home/teej/projects/github/praxis/simpletaskpro/Screens/TaskListScreen.ps1: line 1248
at RenderTimeEntryMode, /home/teej/projects/github/praxis/simpletaskpro/Screens/TaskListScreen.ps1: line 1104
at Render, /home/teej/projects/github/praxis/simpletaskpro/Screens/TaskListScreen.ps1: line 770
at Run, /home/teej/projects/github/praxis/simpletaskpro/Core/SimpleTaskProApp.ps1: line 59
at <ScriptBlock>, /home/teej/projects/github/praxis/simpletaskpro/SimpleTaskPro.ps1: line 103
DEBUG: RenderTimeEntryMode completed successfully 08/09/2025 14:57:45
DEBUG: Starting RenderTimeEntryMode... 08/09/2025 14:57:46
DEBUG: Starting RenderTimeList, TimeFlatList.Count = 1 08/09/2025 14:57:46
ERROR in RenderTimeList: The '++' operator works only on numbers. The operand is a 'System.Object[]'. 08/09/2025 14:57:46
Stack trace: at RenderTimeList, /home/teej/projects/github/praxis/simpletaskpro/Screens/TaskListScreen.ps1: line 1248
at RenderTimeEntryMode, /home/teej/projects/github/praxis/simpletaskpro/Screens/TaskListScreen.ps1: line 1104
at Render, /home/teej/projects/github/praxis/simpletaskpro/Screens/TaskListScreen.ps1: line 770
at Run, /home/teej/projects/github/praxis/simpletaskpro/Core/SimpleTaskProApp.ps1: line 59
at <ScriptBlock>, /home/teej/projects/github/praxis/simpletaskpro/SimpleTaskPro.ps1: line 103
DEBUG: RenderTimeEntryMode completed successfully 08/09/2025 14:57:46
DEBUG: Starting RenderTimeEntryMode... 08/09/2025 14:57:46
DEBUG: Starting RenderTimeList, TimeFlatList.Count = 1 08/09/2025 14:57:46
ERROR in RenderTimeList: The '++' operator works only on numbers. The operand is a 'System.Object[]'. 08/09/2025 14:57:46
Stack trace: at RenderTimeList, /home/teej/projects/github/praxis/simpletaskpro/Screens/TaskListScreen.ps1: line 1248
at RenderTimeEntryMode, /home/teej/projects/github/praxis/simpletaskpro/Screens/TaskListScreen.ps1: line 1104
at Render, /home/teej/projects/github/praxis/simpletaskpro/Screens/TaskListScreen.ps1: line 770
at Run, /home/teej/projects/github/praxis/simpletaskpro/Core/SimpleTaskProApp.ps1: line 59
at <ScriptBlock>, /home/teej/projects/github/praxis/simpletaskpro/SimpleTaskPro.ps1: line 103
DEBUG: RenderTimeEntryMode completed successfully 08/09/2025 14:57:46
DEBUG: Starting RenderTimeEntryMode... 08/09/2025 14:57:47
DEBUG: Starting RenderTimeList, TimeFlatList.Count = 1 08/09/2025 14:57:47
ERROR in RenderTimeList: The '++' operator works only on numbers. The operand is a 'System.Object[]'. 08/09/2025 14:57:47
Stack trace: at RenderTimeList, /home/teej/projects/github/praxis/simpletaskpro/Screens/TaskListScreen.ps1: line 1248
at RenderTimeEntryMode, /home/teej/projects/github/praxis/simpletaskpro/Screens/TaskListScreen.ps1: line 1104
at Render, /home/teej/projects/github/praxis/simpletaskpro/Screens/TaskListScreen.ps1: line 770
at Run, /home/teej/projects/github/praxis/simpletaskpro/Core/SimpleTaskProApp.ps1: line 59
at <ScriptBlock>, /home/teej/projects/github/praxis/simpletaskpro/SimpleTaskPro.ps1: line 103
DEBUG: RenderTimeEntryMode completed successfully 08/09/2025 14:57:47
DEBUG: LoadTimeEntries - allEntries count: 1 08/09/2025 14:57:47
DEBUG: After adding existing entries - TimeEntries count: 1 08/09/2025 14:57:47
DEBUG: Existing project codes:  08/09/2025 14:57:47
DEBUG: TaskLookup has 0 keys 08/09/2025 14:57:47
DEBUG: Final TimeEntries count: 1 08/09/2025 14:57:47
DEBUG: TimeFlatList count after build: 1 08/09/2025 14:57:47
DEBUG: Starting RenderTimeEntryMode... 08/09/2025 14:57:47
DEBUG: Starting RenderTimeList, TimeFlatList.Count = 1 08/09/2025 14:57:47
ERROR in RenderTimeList: The '++' operator works only on numbers. The operand is a 'System.Object[]'. 08/09/2025 14:57:47
Stack trace: at RenderTimeList, /home/teej/projects/github/praxis/simpletaskpro/Screens/TaskListScreen.ps1: line 1248
at RenderTimeEntryMode, /home/teej/projects/github/praxis/simpletaskpro/Screens/TaskListScreen.ps1: line 1104
at Render, /home/teej/projects/github/praxis/simpletaskpro/Screens/TaskListScreen.ps1: line 770
at Run, /home/teej/projects/github/praxis/simpletaskpro/Core/SimpleTaskProApp.ps1: line 59
at <ScriptBlock>, /home/teej/projects/github/praxis/simpletaskpro/SimpleTaskPro.ps1: line 103
DEBUG: RenderTimeEntryMode completed successfully 08/09/2025 14:57:47
DEBUG: Starting RenderTimeEntryMode... 08/09/2025 14:57:56
DEBUG: Starting RenderTimeList, TimeFlatList.Count = 1 08/09/2025 14:57:56
ERROR in RenderTimeList: The '++' operator works only on numbers. The operand is a 'System.Object[]'. 08/09/2025 14:57:56
Stack trace: at RenderTimeList, /home/teej/projects/github/praxis/simpletaskpro/Screens/TaskListScreen.ps1: line 1248
at RenderTimeEntryMode, /home/teej/projects/github/praxis/simpletaskpro/Screens/TaskListScreen.ps1: line 1104
at Render, /home/teej/projects/github/praxis/simpletaskpro/Screens/TaskListScreen.ps1: line 770
at Run, /home/teej/projects/github/praxis/simpletaskpro/Core/SimpleTaskProApp.ps1: line 59
at <ScriptBlock>, /home/teej/projects/github/praxis/simpletaskpro/SimpleTaskPro.ps1: line 103
DEBUG: RenderTimeEntryMode completed successfully 08/09/2025 14:57:56
DEBUG: LoadTimeEntries - allEntries count: 1 08/09/2025 15:08:13
DEBUG: Filtered mode - TimeEntries count: 1 08/09/2025 15:08:13
DEBUG: TimeFlatList count after build: 1 08/09/2025 15:08:14
DEBUG: Starting RenderTimeEntryMode... 08/09/2025 15:08:14
DEBUG: Starting RenderTimeList, TimeFlatList.Count = 1 08/09/2025 15:08:14
DEBUG: RenderTimeList completed successfully 08/09/2025 15:08:14
DEBUG: RenderTimeEntryMode completed successfully 08/09/2025 15:08:14
DEBUG: LoadTaskLookup - Got 8 parent tasks 08/09/2025 15:08:15
DEBUG: Added task to lookup: ID2=222333444555, Title=test proj 08/09/2025 15:08:15
DEBUG: TaskLookup loaded with 14 keys 08/09/2025 15:08:15
DEBUG: Starting RenderTimeEntryMode... 08/09/2025 15:08:15
DEBUG: Starting RenderTimeList, TimeFlatList.Count = 2 08/09/2025 15:08:15
DEBUG: RenderTimeList completed successfully 08/09/2025 15:08:15
DEBUG: RenderTimeEntryMode completed successfully 08/09/2025 15:08:15
DEBUG: LoadTimeEntries - allEntries count: 1 08/09/2025 15:08:26
DEBUG: Filtered mode - TimeEntries count: 1 08/09/2025 15:08:26
DEBUG: TimeFlatList count after build: 1 08/09/2025 15:08:26
DEBUG: Starting RenderTimeEntryMode... 08/09/2025 15:08:26
DEBUG: Starting RenderTimeList, TimeFlatList.Count = 1 08/09/2025 15:08:26
DEBUG: RenderTimeList completed successfully 08/09/2025 15:08:26
DEBUG: RenderTimeEntryMode completed successfully 08/09/2025 15:08:26
DEBUG: Starting RenderTimeEntryMode... 08/09/2025 15:16:09
DEBUG: Starting RenderTimeList, TimeFlatList.Count = 1 08/09/2025 15:16:09
DEBUG: RenderTimeList completed successfully 08/09/2025 15:16:09
DEBUG: RenderTimeEntryMode completed successfully 08/09/2025 15:16:09
DEBUG: LoadTimeEntries - allEntries count: 1 08/09/2025 23:35:47
DEBUG: Filtered mode - TimeEntries count: 1 08/09/2025 23:35:47
DEBUG: TimeFlatList count after build: 1 08/09/2025 23:35:47
DEBUG: Starting RenderTimeEntryMode... 08/09/2025 23:35:47
DEBUG: Starting RenderTimeList, TimeFlatList.Count = 1 08/09/2025 23:35:47
DEBUG: RenderTimeList completed successfully 08/09/2025 23:35:47
DEBUG: RenderTimeEntryMode completed successfully 08/09/2025 23:35:47
DEBUG: Starting RenderTimeEntryMode... 08/09/2025 23:35:50
DEBUG: Starting RenderTimeList, TimeFlatList.Count = 1 08/09/2025 23:35:50
DEBUG: RenderTimeList completed successfully 08/09/2025 23:35:50
DEBUG: RenderTimeEntryMode completed successfully 08/09/2025 23:35:50
DEBUG: Starting RenderTimeEntryMode... 08/09/2025 23:35:50
DEBUG: Starting RenderTimeList, TimeFlatList.Count = 1 08/09/2025 23:35:50
DEBUG: RenderTimeList completed successfully 08/09/2025 23:35:50
DEBUG: RenderTimeEntryMode completed successfully 08/09/2025 23:35:50
DEBUG: Starting RenderTimeEntryMode... 08/09/2025 23:35:51
DEBUG: Starting RenderTimeList, TimeFlatList.Count = 1 08/09/2025 23:35:51
DEBUG: RenderTimeList completed successfully 08/09/2025 23:35:51
DEBUG: RenderTimeEntryMode completed successfully 08/09/2025 23:35:51
DEBUG: LoadTimeEntries - allEntries count: 1 08/09/2025 23:35:54
DEBUG: After adding existing entries - TimeEntries count: 1 08/09/2025 23:35:54
DEBUG: Existing project codes:  08/09/2025 23:35:54
DEBUG: TaskLookup has 0 keys 08/09/2025 23:35:54
DEBUG: Final TimeEntries count: 1 08/09/2025 23:35:54
DEBUG: TimeFlatList count after build: 1 08/09/2025 23:35:54
DEBUG: Starting RenderTimeEntryMode... 08/09/2025 23:35:54
DEBUG: Starting RenderTimeList, TimeFlatList.Count = 2 08/09/2025 23:35:54
DEBUG: RenderTimeList completed successfully 08/09/2025 23:35:54
DEBUG: RenderTimeEntryMode completed successfully 08/09/2025 23:35:54
DEBUG: Starting RenderTimeEntryMode... 08/09/2025 23:35:59
DEBUG: Starting RenderTimeList, TimeFlatList.Count = 2 08/09/2025 23:35:59
DEBUG: RenderTimeList completed successfully 08/09/2025 23:35:59
DEBUG: RenderTimeEntryMode completed successfully 08/09/2025 23:35:59
DEBUG: Starting RenderTimeEntryMode... 08/09/2025 23:36:00
DEBUG: Starting RenderTimeList, TimeFlatList.Count = 2 08/09/2025 23:36:00
DEBUG: RenderTimeList completed successfully 08/09/2025 23:36:00
DEBUG: RenderTimeEntryMode completed successfully 08/09/2025 23:36:00
DEBUG: Starting RenderTimeEntryMode... 08/09/2025 23:36:00
DEBUG: Starting RenderTimeList, TimeFlatList.Count = 2 08/09/2025 23:36:00
DEBUG: RenderTimeList completed successfully 08/09/2025 23:36:00
DEBUG: RenderTimeEntryMode completed successfully 08/09/2025 23:36:00
DEBUG: Starting RenderTimeEntryMode... 08/09/2025 23:36:01
DEBUG: Starting RenderTimeList, TimeFlatList.Count = 2 08/09/2025 23:36:01
DEBUG: RenderTimeList completed successfully 08/09/2025 23:36:01
DEBUG: RenderTimeEntryMode completed successfully 08/09/2025 23:36:01
DEBUG: Starting RenderTimeEntryMode... 08/09/2025 23:36:03
DEBUG: Starting RenderTimeList, TimeFlatList.Count = 2 08/09/2025 23:36:03
DEBUG: RenderTimeList completed successfully 08/09/2025 23:36:03
DEBUG: RenderTimeEntryMode completed successfully 08/09/2025 23:36:03
DEBUG: Starting RenderTimeEntryMode... 08/09/2025 23:36:04
DEBUG: Starting RenderTimeList, TimeFlatList.Count = 2 08/09/2025 23:36:04
DEBUG: RenderTimeList completed successfully 08/09/2025 23:36:04
DEBUG: RenderTimeEntryMode completed successfully 08/09/2025 23:36:04
DEBUG: Starting RenderTimeEntryMode... 08/09/2025 23:36:06
DEBUG: Starting RenderTimeList, TimeFlatList.Count = 2 08/09/2025 23:36:06
DEBUG: RenderTimeList completed successfully 08/09/2025 23:36:06
DEBUG: RenderTimeEntryMode completed successfully 08/09/2025 23:36:06
DEBUG: Starting RenderTimeEntryMode... 08/09/2025 23:36:09
DEBUG: Starting RenderTimeList, TimeFlatList.Count = 2 08/09/2025 23:36:09
DEBUG: RenderTimeList completed successfully 08/09/2025 23:36:09
DEBUG: RenderTimeEntryMode completed successfully 08/09/2025 23:36:09
DEBUG: Starting RenderTimeEntryMode... 08/09/2025 23:36:09
DEBUG: Starting RenderTimeList, TimeFlatList.Count = 2 08/09/2025 23:36:09
DEBUG: RenderTimeList completed successfully 08/09/2025 23:36:09
DEBUG: RenderTimeEntryMode completed successfully 08/09/2025 23:36:09
DEBUG: Starting RenderTimeEntryMode... 08/09/2025 23:36:10
DEBUG: Starting RenderTimeList, TimeFlatList.Count = 2 08/09/2025 23:36:10
DEBUG: RenderTimeList completed successfully 08/09/2025 23:36:10
DEBUG: RenderTimeEntryMode completed successfully 08/09/2025 23:36:10
DEBUG: LoadTimeEntries - allEntries count: 2 08/09/2025 23:36:10
DEBUG: After adding existing entries - TimeEntries count: 2 08/09/2025 23:36:10
DEBUG: Existing project codes:  08/09/2025 23:36:10
DEBUG: TaskLookup has 0 keys 08/09/2025 23:36:10
DEBUG: Final TimeEntries count: 2 08/09/2025 23:36:10
DEBUG: TimeFlatList count after build: 2 08/09/2025 23:36:10
DEBUG: Starting RenderTimeEntryMode... 08/09/2025 23:36:10
DEBUG: Starting RenderTimeList, TimeFlatList.Count = 2 08/09/2025 23:36:10
DEBUG: RenderTimeList completed successfully 08/09/2025 23:36:10
DEBUG: RenderTimeEntryMode completed successfully 08/09/2025 23:36:10
DEBUG: Starting RenderTimeEntryMode... 08/09/2025 23:37:00
DEBUG: Starting RenderTimeList, TimeFlatList.Count = 2 08/09/2025 23:37:00
DEBUG: RenderTimeList completed successfully 08/09/2025 23:37:00
DEBUG: RenderTimeEntryMode completed successfully 08/09/2025 23:37:00
DEBUG: Starting RenderTimeEntryMode... 08/09/2025 23:37:01
DEBUG: Starting RenderTimeList, TimeFlatList.Count = 2 08/09/2025 23:37:01
DEBUG: RenderTimeList completed successfully 08/09/2025 23:37:01
DEBUG: RenderTimeEntryMode completed successfully 08/09/2025 23:37:01
DEBUG: LoadTimeEntries - allEntries count: 2 08/10/2025 07:57:01
DEBUG: Filtered mode - TimeEntries count: 2 08/10/2025 07:57:01
DEBUG: TimeFlatList count after build: 2 08/10/2025 07:57:01
DEBUG: Starting RenderTimeEntryMode... 08/10/2025 07:57:01
DEBUG: Starting RenderTimeList, TimeFlatList.Count = 2 08/10/2025 07:57:01
DEBUG: RenderTimeList completed successfully 08/10/2025 07:57:01
DEBUG: RenderTimeEntryMode completed successfully 08/10/2025 07:57:01
DEBUG: LoadTimeEntries - allEntries count: 2 08/10/2025 20:54:14
DEBUG: Filtered mode - TimeEntries count: 2 08/10/2025 20:54:14
DEBUG: TimeFlatList count after build: 2 08/10/2025 20:54:14
DEBUG: Starting RenderTimeEntryMode... 08/10/2025 20:54:14
DEBUG: Starting RenderTimeList, TimeFlatList.Count = 2 08/10/2025 20:54:14
DEBUG: RenderTimeList completed successfully 08/10/2025 20:54:14
DEBUG: RenderTimeEntryMode completed successfully 08/10/2025 20:54:14
DEBUG: LoadTimeEntries - allEntries count: 2 08/10/2025 23:35:50
DEBUG: Filtered mode - TimeEntries count: 2 08/10/2025 23:35:50
DEBUG: TimeFlatList count after build: 2 08/10/2025 23:35:50
DEBUG: Starting RenderTimeEntryMode... 08/10/2025 23:35:50
DEBUG: Starting RenderTimeList, TimeFlatList.Count = 2 08/10/2025 23:35:50
DEBUG: RenderTimeList completed successfully 08/10/2025 23:35:50
DEBUG: RenderTimeEntryMode completed successfully 08/10/2025 23:35:50
DEBUG: LoadTimeEntries - allEntries count: 2 08/10/2025 23:39:30
DEBUG: Filtered mode - TimeEntries count: 2 08/10/2025 23:39:30
DEBUG: TimeFlatList count after build: 2 08/10/2025 23:39:30
DEBUG: Starting RenderTimeEntryMode... 08/10/2025 23:39:30
DEBUG: Starting RenderTimeList, TimeFlatList.Count = 2 08/10/2025 23:39:30
DEBUG: RenderTimeList completed successfully 08/10/2025 23:39:30
DEBUG: RenderTimeEntryMode completed successfully 08/10/2025 23:39:30
DEBUG: LoadTimeEntries - allEntries count: 2 08/10/2025 23:41:08
DEBUG: Filtered mode - TimeEntries count: 2 08/10/2025 23:41:08
DEBUG: TimeFlatList count after build: 2 08/10/2025 23:41:08
DEBUG: Starting RenderTimeEntryMode... 08/10/2025 23:41:08
DEBUG: Starting RenderTimeList, TimeFlatList.Count = 2 08/10/2025 23:41:08
DEBUG: RenderTimeList completed successfully 08/10/2025 23:41:09
DEBUG: RenderTimeEntryMode completed successfully 08/10/2025 23:41:09
DEBUG: LoadTimeEntries - allEntries count: 2 08/10/2025 23:42:57
DEBUG: Filtered mode - TimeEntries count: 2 08/10/2025 23:42:57
DEBUG: TimeFlatList count after build: 2 08/10/2025 23:42:57
DEBUG: Starting RenderTimeEntryMode... 08/10/2025 23:42:57
DEBUG: Starting RenderTimeList, TimeFlatList.Count = 2 08/10/2025 23:42:57
DEBUG: RenderTimeList completed successfully 08/10/2025 23:42:58
DEBUG: RenderTimeEntryMode completed successfully 08/10/2025 23:42:58
DEBUG: LoadTimeEntries - allEntries count: 2 08/11/2025 00:04:16
DEBUG: Filtered mode - TimeEntries count: 2 08/11/2025 00:04:16
DEBUG: TimeFlatList count after build: 2 08/11/2025 00:04:16
DEBUG: Starting RenderTimeEntryMode... 08/11/2025 00:04:16
DEBUG: Starting RenderTimeList, TimeFlatList.Count = 2 08/11/2025 00:04:16
DEBUG: RenderTimeList completed successfully 08/11/2025 00:04:16
DEBUG: RenderTimeEntryMode completed successfully 08/11/2025 00:04:16
