DEBUG: StartNewCommand called
DEBUG: Setting up inline editing
DEBUG: EditingIndex=0, EditingField=title, IsNewCommand=True
DEBUG: RenderCommandList - visibleHeight=-6, ScrollTop=7, FlatList.Count=11
DEBUG: StartNewCommand called
DEBUG: Setting up inline editing
DEBUG: EditingIndex=0, EditingField=title, IsNewCommand=True
DEBUG: RenderCommandList - visibleHeight=-6, ScrollTop=0, FlatList.Count=11
DEBUG: RenderCommandList - visibleHeight=-6, ScrollTop=7, FlatList.Count=11
DEBUG: RenderCommandList - visibleHeight=-6, ScrollTop=0, FlatList.Count=11
DEBUG: RenderCommandList - visibleHeight=-6, ScrollTop=7, FlatList.Count=11
DEBUG: RenderCommandList - visibleHeight=-6, ScrollTop=0, FlatList.Count=11
DEBUG: RenderCommandList - visibleHeight=-6, ScrollTop=7, FlatList.Count=11
DEBUG: RenderCommandList - visibleHeight=-6, ScrollTop=0, FlatList.Count=11
DEBUG: RenderCommandList - visibleHeight=-6, ScrollTop=7, FlatList.Count=11
DEBUG: RenderCommandList - visibleHeight=-6, ScrollTop=0, FlatList.Count=10
DEBUG: RenderCommandList - visibleHeight=24, ScrollTop=0, FlatList.Count=11
DEBUG: flatIndex=0, SelectedIndex=0, EditingIndex=-1, isSelected=True, isEditing=False
DEBUG: flatIndex=1, SelectedIndex=0, EditingIndex=-1, isSelected=False, isEditing=False
DEBUG: flatIndex=2, SelectedIndex=0, EditingIndex=-1, isSelected=False, isEditing=False
DEBUG: flatIndex=3, SelectedIndex=0, EditingIndex=-1, isSelected=False, isEditing=False
DEBUG: flatIndex=4, SelectedIndex=0, EditingIndex=-1, isSelected=False, isEditing=False
DEBUG: flatIndex=5, SelectedIndex=0, EditingIndex=-1, isSelected=False, isEditing=False
DEBUG: flatIndex=6, SelectedIndex=0, EditingIndex=-1, isSelected=False, isEditing=False
DEBUG: flatIndex=7, SelectedIndex=0, EditingIndex=-1, isSelected=False, isEditing=False
DEBUG: flatIndex=8, SelectedIndex=0, EditingIndex=-1, isSelected=False, isEditing=False
DEBUG: flatIndex=9, SelectedIndex=0, EditingIndex=-1, isSelected=False, isEditing=False
DEBUG: flatIndex=10, SelectedIndex=0, EditingIndex=-1, isSelected=False, isEditing=False
DEBUG: RenderCommandList - visibleHeight=24, ScrollTop=0, FlatList.Count=11
DEBUG: flatIndex=0, SelectedIndex=1, EditingIndex=-1, isSelected=False, isEditing=False
DEBUG: flatIndex=1, SelectedIndex=1, EditingIndex=-1, isSelected=True, isEditing=False
DEBUG: flatIndex=2, SelectedIndex=1, EditingIndex=-1, isSelected=False, isEditing=False
DEBUG: flatIndex=3, SelectedIndex=1, EditingIndex=-1, isSelected=False, isEditing=False
DEBUG: flatIndex=4, SelectedIndex=1, EditingIndex=-1, isSelected=False, isEditing=False
DEBUG: flatIndex=5, SelectedIndex=1, EditingIndex=-1, isSelected=False, isEditing=False
DEBUG: flatIndex=6, SelectedIndex=1, EditingIndex=-1, isSelected=False, isEditing=False
DEBUG: flatIndex=7, SelectedIndex=1, EditingIndex=-1, isSelected=False, isEditing=False
DEBUG: flatIndex=8, SelectedIndex=1, EditingIndex=-1, isSelected=False, isEditing=False
DEBUG: flatIndex=9, SelectedIndex=1, EditingIndex=-1, isSelected=False, isEditing=False
DEBUG: flatIndex=10, SelectedIndex=1, EditingIndex=-1, isSelected=False, isEditing=False
DEBUG: RenderCommandList - visibleHeight=24, ScrollTop=0, FlatList.Count=11
DEBUG: flatIndex=0, SelectedIndex=2, EditingIndex=-1, isSelected=False, isEditing=False
DEBUG: flatIndex=1, SelectedIndex=2, EditingIndex=-1, isSelected=False, isEditing=False
DEBUG: flatIndex=2, SelectedIndex=2, EditingIndex=-1, isSelected=True, isEditing=False
DEBUG: flatIndex=3, SelectedIndex=2, EditingIndex=-1, isSelected=False, isEditing=False
DEBUG: flatIndex=4, SelectedIndex=2, EditingIndex=-1, isSelected=False, isEditing=False
DEBUG: flatIndex=5, SelectedIndex=2, EditingIndex=-1, isSelected=False, isEditing=False
DEBUG: flatIndex=6, SelectedIndex=2, EditingIndex=-1, isSelected=False, isEditing=False
DEBUG: flatIndex=7, SelectedIndex=2, EditingIndex=-1, isSelected=False, isEditing=False
DEBUG: flatIndex=8, SelectedIndex=2, EditingIndex=-1, isSelected=False, isEditing=False
DEBUG: flatIndex=9, SelectedIndex=2, EditingIndex=-1, isSelected=False, isEditing=False
DEBUG: flatIndex=10, SelectedIndex=2, EditingIndex=-1, isSelected=False, isEditing=False
DEBUG: RenderCommandList - visibleHeight=24, ScrollTop=0, FlatList.Count=11
DEBUG: flatIndex=0, SelectedIndex=3, EditingIndex=-1, isSelected=False, isEditing=False
DEBUG: flatIndex=1, SelectedIndex=3, EditingIndex=-1, isSelected=False, isEditing=False
DEBUG: flatIndex=2, SelectedIndex=3, EditingIndex=-1, isSelected=False, isEditing=False
DEBUG: flatIndex=3, SelectedIndex=3, EditingIndex=-1, isSelected=True, isEditing=False
DEBUG: flatIndex=4, SelectedIndex=3, EditingIndex=-1, isSelected=False, isEditing=False
DEBUG: flatIndex=5, SelectedIndex=3, EditingIndex=-1, isSelected=False, isEditing=False
DEBUG: flatIndex=6, SelectedIndex=3, EditingIndex=-1, isSelected=False, isEditing=False
DEBUG: flatIndex=7, SelectedIndex=3, EditingIndex=-1, isSelected=False, isEditing=False
DEBUG: flatIndex=8, SelectedIndex=3, EditingIndex=-1, isSelected=False, isEditing=False
DEBUG: flatIndex=9, SelectedIndex=3, EditingIndex=-1, isSelected=False, isEditing=False
DEBUG: flatIndex=10, SelectedIndex=3, EditingIndex=-1, isSelected=False, isEditing=False
DEBUG: RenderCommandList - visibleHeight=24, ScrollTop=0, FlatList.Count=11
DEBUG: flatIndex=0, SelectedIndex=4, EditingIndex=-1, isSelected=False, isEditing=False
DEBUG: flatIndex=1, SelectedIndex=4, EditingIndex=-1, isSelected=False, isEditing=False
DEBUG: flatIndex=2, SelectedIndex=4, EditingIndex=-1, isSelected=False, isEditing=False
DEBUG: flatIndex=3, SelectedIndex=4, EditingIndex=-1, isSelected=False, isEditing=False
DEBUG: flatIndex=4, SelectedIndex=4, EditingIndex=-1, isSelected=True, isEditing=False
DEBUG: flatIndex=5, SelectedIndex=4, EditingIndex=-1, isSelected=False, isEditing=False
DEBUG: flatIndex=6, SelectedIndex=4, EditingIndex=-1, isSelected=False, isEditing=False
DEBUG: flatIndex=7, SelectedIndex=4, EditingIndex=-1, isSelected=False, isEditing=False
DEBUG: flatIndex=8, SelectedIndex=4, EditingIndex=-1, isSelected=False, isEditing=False
DEBUG: flatIndex=9, SelectedIndex=4, EditingIndex=-1, isSelected=False, isEditing=False
DEBUG: flatIndex=10, SelectedIndex=4, EditingIndex=-1, isSelected=False, isEditing=False
DEBUG: RenderCommandList - visibleHeight=24, ScrollTop=0, FlatList.Count=11
DEBUG: flatIndex=0, SelectedIndex=5, EditingIndex=-1, isSelected=False, isEditing=False
DEBUG: flatIndex=1, SelectedIndex=5, EditingIndex=-1, isSelected=False, isEditing=False
DEBUG: flatIndex=2, SelectedIndex=5, EditingIndex=-1, isSelected=False, isEditing=False
DEBUG: flatIndex=3, SelectedIndex=5, EditingIndex=-1, isSelected=False, isEditing=False
DEBUG: flatIndex=4, SelectedIndex=5, EditingIndex=-1, isSelected=False, isEditing=False
DEBUG: flatIndex=5, SelectedIndex=5, EditingIndex=-1, isSelected=True, isEditing=False
DEBUG: flatIndex=6, SelectedIndex=5, EditingIndex=-1, isSelected=False, isEditing=False
DEBUG: flatIndex=7, SelectedIndex=5, EditingIndex=-1, isSelected=False, isEditing=False
DEBUG: flatIndex=8, SelectedIndex=5, EditingIndex=-1, isSelected=False, isEditing=False
DEBUG: flatIndex=9, SelectedIndex=5, EditingIndex=-1, isSelected=False, isEditing=False
DEBUG: flatIndex=10, SelectedIndex=5, EditingIndex=-1, isSelected=False, isEditing=False
DEBUG: RenderCommandList - visibleHeight=24, ScrollTop=0, FlatList.Count=11
DEBUG: flatIndex=0, SelectedIndex=6, EditingIndex=-1, isSelected=False, isEditing=False
DEBUG: flatIndex=1, SelectedIndex=6, EditingIndex=-1, isSelected=False, isEditing=False
DEBUG: flatIndex=2, SelectedIndex=6, EditingIndex=-1, isSelected=False, isEditing=False
DEBUG: flatIndex=3, SelectedIndex=6, EditingIndex=-1, isSelected=False, isEditing=False
DEBUG: flatIndex=4, SelectedIndex=6, EditingIndex=-1, isSelected=False, isEditing=False
DEBUG: flatIndex=5, SelectedIndex=6, EditingIndex=-1, isSelected=False, isEditing=False
DEBUG: flatIndex=6, SelectedIndex=6, EditingIndex=-1, isSelected=True, isEditing=False
DEBUG: flatIndex=7, SelectedIndex=6, EditingIndex=-1, isSelected=False, isEditing=False
DEBUG: flatIndex=8, SelectedIndex=6, EditingIndex=-1, isSelected=False, isEditing=False
DEBUG: flatIndex=9, SelectedIndex=6, EditingIndex=-1, isSelected=False, isEditing=False
DEBUG: flatIndex=10, SelectedIndex=6, EditingIndex=-1, isSelected=False, isEditing=False
DEBUG: RenderCommandList - visibleHeight=24, ScrollTop=0, FlatList.Count=11
DEBUG: flatIndex=0, SelectedIndex=7, EditingIndex=-1, isSelected=False, isEditing=False
DEBUG: flatIndex=1, SelectedIndex=7, EditingIndex=-1, isSelected=False, isEditing=False
DEBUG: flatIndex=2, SelectedIndex=7, EditingIndex=-1, isSelected=False, isEditing=False
DEBUG: flatIndex=3, SelectedIndex=7, EditingIndex=-1, isSelected=False, isEditing=False
DEBUG: flatIndex=4, SelectedIndex=7, EditingIndex=-1, isSelected=False, isEditing=False
DEBUG: flatIndex=5, SelectedIndex=7, EditingIndex=-1, isSelected=False, isEditing=False
DEBUG: flatIndex=6, SelectedIndex=7, EditingIndex=-1, isSelected=False, isEditing=False
DEBUG: flatIndex=7, SelectedIndex=7, EditingIndex=-1, isSelected=True, isEditing=False
DEBUG: flatIndex=8, SelectedIndex=7, EditingIndex=-1, isSelected=False, isEditing=False
DEBUG: flatIndex=9, SelectedIndex=7, EditingIndex=-1, isSelected=False, isEditing=False
DEBUG: flatIndex=10, SelectedIndex=7, EditingIndex=-1, isSelected=False, isEditing=False
DEBUG: RenderCommandList - visibleHeight=24, ScrollTop=0, FlatList.Count=11
DEBUG: flatIndex=0, SelectedIndex=6, EditingIndex=-1, isSelected=False, isEditing=False
DEBUG: flatIndex=1, SelectedIndex=6, EditingIndex=-1, isSelected=False, isEditing=False
DEBUG: flatIndex=2, SelectedIndex=6, EditingIndex=-1, isSelected=False, isEditing=False
DEBUG: flatIndex=3, SelectedIndex=6, EditingIndex=-1, isSelected=False, isEditing=False
DEBUG: flatIndex=4, SelectedIndex=6, EditingIndex=-1, isSelected=False, isEditing=False
DEBUG: flatIndex=5, SelectedIndex=6, EditingIndex=-1, isSelected=False, isEditing=False
DEBUG: flatIndex=6, SelectedIndex=6, EditingIndex=-1, isSelected=True, isEditing=False
DEBUG: flatIndex=7, SelectedIndex=6, EditingIndex=-1, isSelected=False, isEditing=False
DEBUG: flatIndex=8, SelectedIndex=6, EditingIndex=-1, isSelected=False, isEditing=False
DEBUG: flatIndex=9, SelectedIndex=6, EditingIndex=-1, isSelected=False, isEditing=False
DEBUG: flatIndex=10, SelectedIndex=6, EditingIndex=-1, isSelected=False, isEditing=False
DEBUG: RenderCommandList - visibleHeight=24, ScrollTop=0, FlatList.Count=11
DEBUG: flatIndex=0, SelectedIndex=5, EditingIndex=-1, isSelected=False, isEditing=False
DEBUG: flatIndex=1, SelectedIndex=5, EditingIndex=-1, isSelected=False, isEditing=False
DEBUG: flatIndex=2, SelectedIndex=5, EditingIndex=-1, isSelected=False, isEditing=False
DEBUG: flatIndex=3, SelectedIndex=5, EditingIndex=-1, isSelected=False, isEditing=False
DEBUG: flatIndex=4, SelectedIndex=5, EditingIndex=-1, isSelected=False, isEditing=False
DEBUG: flatIndex=5, SelectedIndex=5, EditingIndex=-1, isSelected=True, isEditing=False
DEBUG: flatIndex=6, SelectedIndex=5, EditingIndex=-1, isSelected=False, isEditing=False
DEBUG: flatIndex=7, SelectedIndex=5, EditingIndex=-1, isSelected=False, isEditing=False
DEBUG: flatIndex=8, SelectedIndex=5, EditingIndex=-1, isSelected=False, isEditing=False
DEBUG: flatIndex=9, SelectedIndex=5, EditingIndex=-1, isSelected=False, isEditing=False
DEBUG: flatIndex=10, SelectedIndex=5, EditingIndex=-1, isSelected=False, isEditing=False
DEBUG: RenderCommandList - visibleHeight=24, ScrollTop=0, FlatList.Count=11
DEBUG: flatIndex=0, SelectedIndex=4, EditingIndex=-1, isSelected=False, isEditing=False
DEBUG: flatIndex=1, SelectedIndex=4, EditingIndex=-1, isSelected=False, isEditing=False
DEBUG: flatIndex=2, SelectedIndex=4, EditingIndex=-1, isSelected=False, isEditing=False
DEBUG: flatIndex=3, SelectedIndex=4, EditingIndex=-1, isSelected=False, isEditing=False
DEBUG: flatIndex=4, SelectedIndex=4, EditingIndex=-1, isSelected=True, isEditing=False
DEBUG: flatIndex=5, SelectedIndex=4, EditingIndex=-1, isSelected=False, isEditing=False
DEBUG: flatIndex=6, SelectedIndex=4, EditingIndex=-1, isSelected=False, isEditing=False
DEBUG: flatIndex=7, SelectedIndex=4, EditingIndex=-1, isSelected=False, isEditing=False
DEBUG: flatIndex=8, SelectedIndex=4, EditingIndex=-1, isSelected=False, isEditing=False
DEBUG: flatIndex=9, SelectedIndex=4, EditingIndex=-1, isSelected=False, isEditing=False
DEBUG: flatIndex=10, SelectedIndex=4, EditingIndex=-1, isSelected=False, isEditing=False
DEBUG: RenderCommandList - visibleHeight=24, ScrollTop=0, FlatList.Count=11
DEBUG: flatIndex=0, SelectedIndex=3, EditingIndex=-1, isSelected=False, isEditing=False
DEBUG: flatIndex=1, SelectedIndex=3, EditingIndex=-1, isSelected=False, isEditing=False
DEBUG: flatIndex=2, SelectedIndex=3, EditingIndex=-1, isSelected=False, isEditing=False
DEBUG: flatIndex=3, SelectedIndex=3, EditingIndex=-1, isSelected=True, isEditing=False
DEBUG: flatIndex=4, SelectedIndex=3, EditingIndex=-1, isSelected=False, isEditing=False
DEBUG: flatIndex=5, SelectedIndex=3, EditingIndex=-1, isSelected=False, isEditing=False
DEBUG: flatIndex=6, SelectedIndex=3, EditingIndex=-1, isSelected=False, isEditing=False
DEBUG: flatIndex=7, SelectedIndex=3, EditingIndex=-1, isSelected=False, isEditing=False
DEBUG: flatIndex=8, SelectedIndex=3, EditingIndex=-1, isSelected=False, isEditing=False
DEBUG: flatIndex=9, SelectedIndex=3, EditingIndex=-1, isSelected=False, isEditing=False
DEBUG: flatIndex=10, SelectedIndex=3, EditingIndex=-1, isSelected=False, isEditing=False
DEBUG: StartNewCommand called
DEBUG: Setting up inline editing
DEBUG: EditingIndex=3, EditingField=title, IsNewCommand=True
DEBUG: RenderCommandList - visibleHeight=24, ScrollTop=0, FlatList.Count=11
DEBUG: flatIndex=0, SelectedIndex=3, EditingIndex=3, isSelected=False, isEditing=False
DEBUG: flatIndex=1, SelectedIndex=3, EditingIndex=3, isSelected=False, isEditing=False
DEBUG: flatIndex=2, SelectedIndex=3, EditingIndex=3, isSelected=False, isEditing=False
DEBUG: flatIndex=3, SelectedIndex=3, EditingIndex=3, isSelected=True, isEditing=True
DEBUG: Rendering editing mode - IsNewCommand=True, Field=title, Value='TEST_TEXT'
DEBUG: flatIndex=4, SelectedIndex=3, EditingIndex=3, isSelected=False, isEditing=False
DEBUG: flatIndex=5, SelectedIndex=3, EditingIndex=3, isSelected=False, isEditing=False
DEBUG: flatIndex=6, SelectedIndex=3, EditingIndex=3, isSelected=False, isEditing=False
DEBUG: flatIndex=7, SelectedIndex=3, EditingIndex=3, isSelected=False, isEditing=False
DEBUG: flatIndex=8, SelectedIndex=3, EditingIndex=3, isSelected=False, isEditing=False
DEBUG: flatIndex=9, SelectedIndex=3, EditingIndex=3, isSelected=False, isEditing=False
DEBUG: flatIndex=10, SelectedIndex=3, EditingIndex=3, isSelected=False, isEditing=False
DEBUG: RenderCommandList - visibleHeight=24, ScrollTop=0, FlatList.Count=11
DEBUG: flatIndex=0, SelectedIndex=3, EditingIndex=3, isSelected=False, isEditing=False
DEBUG: flatIndex=1, SelectedIndex=3, EditingIndex=3, isSelected=False, isEditing=False
DEBUG: flatIndex=2, SelectedIndex=3, EditingIndex=3, isSelected=False, isEditing=False
DEBUG: flatIndex=3, SelectedIndex=3, EditingIndex=3, isSelected=True, isEditing=True
DEBUG: Rendering editing mode - IsNewCommand=True, Field=title, Value='TEST_TEXT1'
DEBUG: flatIndex=4, SelectedIndex=3, EditingIndex=3, isSelected=False, isEditing=False
DEBUG: flatIndex=5, SelectedIndex=3, EditingIndex=3, isSelected=False, isEditing=False
DEBUG: flatIndex=6, SelectedIndex=3, EditingIndex=3, isSelected=False, isEditing=False
DEBUG: flatIndex=7, SelectedIndex=3, EditingIndex=3, isSelected=False, isEditing=False
DEBUG: flatIndex=8, SelectedIndex=3, EditingIndex=3, isSelected=False, isEditing=False
DEBUG: flatIndex=9, SelectedIndex=3, EditingIndex=3, isSelected=False, isEditing=False
DEBUG: flatIndex=10, SelectedIndex=3, EditingIndex=3, isSelected=False, isEditing=False
DEBUG: RenderCommandList - visibleHeight=24, ScrollTop=0, FlatList.Count=11
DEBUG: flatIndex=0, SelectedIndex=3, EditingIndex=3, isSelected=False, isEditing=False
DEBUG: flatIndex=1, SelectedIndex=3, EditingIndex=3, isSelected=False, isEditing=False
DEBUG: flatIndex=2, SelectedIndex=3, EditingIndex=3, isSelected=False, isEditing=False
DEBUG: flatIndex=3, SelectedIndex=3, EditingIndex=3, isSelected=True, isEditing=True
DEBUG: Rendering editing mode - IsNewCommand=True, Field=title, Value='TEST_TEXT'
DEBUG: flatIndex=4, SelectedIndex=3, EditingIndex=3, isSelected=False, isEditing=False
DEBUG: flatIndex=5, SelectedIndex=3, EditingIndex=3, isSelected=False, isEditing=False
DEBUG: flatIndex=6, SelectedIndex=3, EditingIndex=3, isSelected=False, isEditing=False
DEBUG: flatIndex=7, SelectedIndex=3, EditingIndex=3, isSelected=False, isEditing=False
DEBUG: flatIndex=8, SelectedIndex=3, EditingIndex=3, isSelected=False, isEditing=False
DEBUG: flatIndex=9, SelectedIndex=3, EditingIndex=3, isSelected=False, isEditing=False
DEBUG: flatIndex=10, SelectedIndex=3, EditingIndex=3, isSelected=False, isEditing=False
DEBUG: RenderCommandList - visibleHeight=24, ScrollTop=0, FlatList.Count=11
DEBUG: flatIndex=0, SelectedIndex=3, EditingIndex=3, isSelected=False, isEditing=False
DEBUG: flatIndex=1, SelectedIndex=3, EditingIndex=3, isSelected=False, isEditing=False
DEBUG: flatIndex=2, SelectedIndex=3, EditingIndex=3, isSelected=False, isEditing=False
DEBUG: flatIndex=3, SelectedIndex=3, EditingIndex=3, isSelected=True, isEditing=True
DEBUG: Rendering editing mode - IsNewCommand=True, Field=commandtext, Value=''
DEBUG: flatIndex=4, SelectedIndex=3, EditingIndex=3, isSelected=False, isEditing=False
DEBUG: flatIndex=5, SelectedIndex=3, EditingIndex=3, isSelected=False, isEditing=False
DEBUG: flatIndex=6, SelectedIndex=3, EditingIndex=3, isSelected=False, isEditing=False
DEBUG: flatIndex=7, SelectedIndex=3, EditingIndex=3, isSelected=False, isEditing=False
DEBUG: flatIndex=8, SelectedIndex=3, EditingIndex=3, isSelected=False, isEditing=False
DEBUG: flatIndex=9, SelectedIndex=3, EditingIndex=3, isSelected=False, isEditing=False
DEBUG: flatIndex=10, SelectedIndex=3, EditingIndex=3, isSelected=False, isEditing=False
DEBUG: RenderCommandList - visibleHeight=24, ScrollTop=0, FlatList.Count=11
DEBUG: flatIndex=0, SelectedIndex=3, EditingIndex=3, isSelected=False, isEditing=False
DEBUG: flatIndex=1, SelectedIndex=3, EditingIndex=3, isSelected=False, isEditing=False
DEBUG: flatIndex=2, SelectedIndex=3, EditingIndex=3, isSelected=False, isEditing=False
DEBUG: flatIndex=3, SelectedIndex=3, EditingIndex=3, isSelected=True, isEditing=True
DEBUG: Rendering editing mode - IsNewCommand=True, Field=description, Value=''
DEBUG: flatIndex=4, SelectedIndex=3, EditingIndex=3, isSelected=False, isEditing=False
DEBUG: flatIndex=5, SelectedIndex=3, EditingIndex=3, isSelected=False, isEditing=False
DEBUG: flatIndex=6, SelectedIndex=3, EditingIndex=3, isSelected=False, isEditing=False
DEBUG: flatIndex=7, SelectedIndex=3, EditingIndex=3, isSelected=False, isEditing=False
DEBUG: flatIndex=8, SelectedIndex=3, EditingIndex=3, isSelected=False, isEditing=False
DEBUG: flatIndex=9, SelectedIndex=3, EditingIndex=3, isSelected=False, isEditing=False
DEBUG: flatIndex=10, SelectedIndex=3, EditingIndex=3, isSelected=False, isEditing=False
DEBUG: RenderCommandList - visibleHeight=24, ScrollTop=0, FlatList.Count=11
DEBUG: flatIndex=0, SelectedIndex=3, EditingIndex=3, isSelected=False, isEditing=False
DEBUG: flatIndex=1, SelectedIndex=3, EditingIndex=3, isSelected=False, isEditing=False
DEBUG: flatIndex=2, SelectedIndex=3, EditingIndex=3, isSelected=False, isEditing=False
DEBUG: flatIndex=3, SelectedIndex=3, EditingIndex=3, isSelected=True, isEditing=True
DEBUG: Rendering editing mode - IsNewCommand=True, Field=tags, Value=''
DEBUG: flatIndex=4, SelectedIndex=3, EditingIndex=3, isSelected=False, isEditing=False
DEBUG: flatIndex=5, SelectedIndex=3, EditingIndex=3, isSelected=False, isEditing=False
DEBUG: flatIndex=6, SelectedIndex=3, EditingIndex=3, isSelected=False, isEditing=False
DEBUG: flatIndex=7, SelectedIndex=3, EditingIndex=3, isSelected=False, isEditing=False
DEBUG: flatIndex=8, SelectedIndex=3, EditingIndex=3, isSelected=False, isEditing=False
DEBUG: flatIndex=9, SelectedIndex=3, EditingIndex=3, isSelected=False, isEditing=False
DEBUG: flatIndex=10, SelectedIndex=3, EditingIndex=3, isSelected=False, isEditing=False
DEBUG: RenderCommandList - visibleHeight=24, ScrollTop=0, FlatList.Count=11
DEBUG: flatIndex=0, SelectedIndex=3, EditingIndex=3, isSelected=False, isEditing=False
DEBUG: flatIndex=1, SelectedIndex=3, EditingIndex=3, isSelected=False, isEditing=False
DEBUG: flatIndex=2, SelectedIndex=3, EditingIndex=3, isSelected=False, isEditing=False
DEBUG: flatIndex=3, SelectedIndex=3, EditingIndex=3, isSelected=True, isEditing=True
DEBUG: Rendering editing mode - IsNewCommand=True, Field=title, Value=''
DEBUG: flatIndex=4, SelectedIndex=3, EditingIndex=3, isSelected=False, isEditing=False
DEBUG: flatIndex=5, SelectedIndex=3, EditingIndex=3, isSelected=False, isEditing=False
DEBUG: flatIndex=6, SelectedIndex=3, EditingIndex=3, isSelected=False, isEditing=False
DEBUG: flatIndex=7, SelectedIndex=3, EditingIndex=3, isSelected=False, isEditing=False
DEBUG: flatIndex=8, SelectedIndex=3, EditingIndex=3, isSelected=False, isEditing=False
DEBUG: flatIndex=9, SelectedIndex=3, EditingIndex=3, isSelected=False, isEditing=False
DEBUG: flatIndex=10, SelectedIndex=3, EditingIndex=3, isSelected=False, isEditing=False
DEBUG: RenderCommandList - visibleHeight=24, ScrollTop=0, FlatList.Count=10
DEBUG: flatIndex=0, SelectedIndex=3, EditingIndex=-1, isSelected=False, isEditing=False
DEBUG: flatIndex=1, SelectedIndex=3, EditingIndex=-1, isSelected=False, isEditing=False
DEBUG: flatIndex=2, SelectedIndex=3, EditingIndex=-1, isSelected=False, isEditing=False
DEBUG: flatIndex=3, SelectedIndex=3, EditingIndex=-1, isSelected=True, isEditing=False
DEBUG: flatIndex=4, SelectedIndex=3, EditingIndex=-1, isSelected=False, isEditing=False
DEBUG: flatIndex=5, SelectedIndex=3, EditingIndex=-1, isSelected=False, isEditing=False
DEBUG: flatIndex=6, SelectedIndex=3, EditingIndex=-1, isSelected=False, isEditing=False
DEBUG: flatIndex=7, SelectedIndex=3, EditingIndex=-1, isSelected=False, isEditing=False
DEBUG: flatIndex=8, SelectedIndex=3, EditingIndex=-1, isSelected=False, isEditing=False
DEBUG: flatIndex=9, SelectedIndex=3, EditingIndex=-1, isSelected=False, isEditing=False
DEBUG: RenderCommandList - visibleHeight=24, ScrollTop=0, FlatList.Count=10
DEBUG: flatIndex=0, SelectedIndex=3, EditingIndex=-1, isSelected=False, isEditing=False
DEBUG: flatIndex=1, SelectedIndex=3, EditingIndex=-1, isSelected=False, isEditing=False
DEBUG: flatIndex=2, SelectedIndex=3, EditingIndex=-1, isSelected=False, isEditing=False
DEBUG: flatIndex=3, SelectedIndex=3, EditingIndex=-1, isSelected=True, isEditing=False
DEBUG: flatIndex=4, SelectedIndex=3, EditingIndex=-1, isSelected=False, isEditing=False
DEBUG: flatIndex=5, SelectedIndex=3, EditingIndex=-1, isSelected=False, isEditing=False
DEBUG: flatIndex=6, SelectedIndex=3, EditingIndex=-1, isSelected=False, isEditing=False
DEBUG: flatIndex=7, SelectedIndex=3, EditingIndex=-1, isSelected=False, isEditing=False
DEBUG: flatIndex=8, SelectedIndex=3, EditingIndex=-1, isSelected=False, isEditing=False
DEBUG: flatIndex=9, SelectedIndex=3, EditingIndex=-1, isSelected=False, isEditing=False
